01:50:39 originals loaded from /home/brains/Documents/ned/logs/pid_original_gains.json
01:50:39 RESTORED pins to ORIGINALS (banked calibration; champion is data)
01:51:41 originals loaded from /home/brains/Documents/ned/logs/pid_original_gains.json
01:51:42 geometry: arm 155.9256 + tool 88.0150 = pivot 243.9406
01:51:42 start guard: tip within 0.018 mm of cube center
01:51:42 resume: 0 prior same-F evals (y-axis), 0 base, 0 ff2, 0 trash
01:52:43 trial  1 [base1] cost xw=1115 y=1128 z=342 tip=431 um2
01:52:52 mdi attempt 1 dead: o<tcp_pidt_ac> call [60.0] [120.0] [800]
01:53:41 trial  2 [base2] cost xw=818 y=849 z=296 tip=467 um2
01:53:41 baseline: {"xw": 966.6, "y": 988.6, "z": 319.1} noise: {"xw": 0.31, "y": 0.28, "z": 0.14}
01:54:31 trial  3 [ff2=0] cost xw=868 y=893 z=303 tip=445 um2
01:55:20 trial  4 [ff2=0.0008] cost xw=800 y=844 z=282 tip=420 um2
01:56:10 trial  5 [ff2=0.0016] cost xw=1384 y=1579 z=436 tip=506 um2
01:56:18 mdi attempt 1 dead: o<tcp_pidt_ac> call [60.0] [120.0] [800]
01:57:08 trial  6 [ff2=0.0032] cost xw=1022 y=1060 z=328 tip=483 um2
01:57:57 trial  7 [ff2=0.0064] cost xw=853 y=853 z=300 tip=431 um2
01:58:06 mdi attempt 1 dead: o<tcp_pidt_ac> call [60.0] [120.0] [800]
01:58:56 trial  8 [ff2=0.0096] cost xw=895 y=855 z=308 tip=472 um2
01:59:45 trial  9 [ff2-refine] cost xw=854 y=858 z=297 tip=452 um2
01:59:45 incumbent xw: cost=800 FF2=0.0008 FF1=0.993 P=16.7
01:59:45 incumbent y: cost=844 FF2=0.0008 FF1=1.005 P=16.7
01:59:45 incumbent z: cost=282 FF2=0.0008 FF1=0.99 P=17.2
02:00:35 trial 10 [g1-mut] cost xw=849 y=858 z=294 tip=439 um2
02:01:24 trial 11 [g1-x] cost xw=738 y=757 z=271 tip=413 um2
02:01:33 mdi attempt 1 dead: o<tcp_pidt_ac> call [60.0] [120.0] [800]
02:02:22 trial 12 [g2-mut] cost xw=973 y=1003 z=341 tip=511 um2
02:03:12 trial 13 [g2-x] cost xw=917 y=945 z=344 tip=464 um2
02:03:20 mdi attempt 1 dead: o<tcp_pidt_ac> call [60.0] [120.0] [800]
02:04:10 trial 14 [g3-mut] cost xw=822 y=830 z=295 tip=454 um2
02:04:18 mdi attempt 1 dead: o<tcp_pidt_ac> call [60.0] [120.0] [800]
02:05:07 trial 15 [g3-x] cost xw=838 y=805 z=290 tip=456 um2
02:05:57 trial 16 [g4-mut] cost xw=863 y=919 z=300 tip=437 um2
02:06:06 mdi attempt 1 dead: o<tcp_pidt_ac> call [60.0] [120.0] [800]
02:06:55 trial 17 [g4-x] cost xw=946 y=920 z=322 tip=431 um2
02:07:45 trial 18 [reeval-g4] cost xw=929 y=984 z=304 tip=473 um2
02:07:53 mdi attempt 1 dead: o<tcp_pidt_ac> call [60.0] [120.0] [800]
02:08:43 trial 19 [g5-mut] cost xw=1026 y=1064 z=331 tip=491 um2
02:09:32 trial 20 [g5-x] cost xw=814 y=791 z=295 tip=417 um2
02:09:32 gen 5: y improved -> 791
02:09:41 mdi attempt 1 dead: o<tcp_pidt_ac> call [60.0] [120.0] [800]
02:10:30 trial 21 [g6-mut] cost xw=972 y=877 z=319 tip=489 um2
02:11:20 trial 22 [g6-x] cost xw=816 y=809 z=284 tip=422 um2
02:11:28 mdi attempt 1 dead: o<tcp_pidt_ac> call [60.0] [120.0] [800]
02:12:17 trial 23 [g7-mut] cost xw=856 y=814 z=320 tip=450 um2
02:13:07 trial 24 [g7-x] cost xw=815 y=726 z=273 tip=415 um2
02:13:57 trial 25 [g8-mut] cost xw=905 y=902 z=296 tip=476 um2
02:14:05 mdi attempt 1 dead: o<tcp_pidt_ac> call [60.0] [120.0] [800]
02:14:54 trial 26 [g8-x] cost xw=1288 y=1244 z=379 tip=460 um2
02:15:44 trial 27 [reeval-g8] cost xw=823 y=811 z=298 tip=445 um2
02:15:52 mdi attempt 1 dead: o<tcp_pidt_ac> call [60.0] [120.0] [800]
02:16:42 trial 28 [g9-mut] cost xw=1043 y=1003 z=333 tip=518 um2
02:17:31 trial 29 [g9-x] cost xw=844 y=810 z=296 tip=439 um2
02:17:40 mdi attempt 1 dead: o<tcp_pidt_ac> call [60.0] [120.0] [800]
02:18:29 trial 30 [g10-mut] cost xw=885 y=822 z=302 tip=447 um2
02:19:19 trial 31 [g10-x] cost xw=886 y=874 z=296 tip=444 um2
02:19:27 mdi attempt 1 dead: o<tcp_pidt_ac> call [60.0] [120.0] [800]
02:20:16 trial 32 [g11-mut] cost xw=954 y=835 z=320 tip=430 um2
02:21:06 trial 33 [g11-x] cost xw=802 y=824 z=296 tip=426 um2
02:21:56 trial 34 [g12-mut] cost xw=1071 y=997 z=346 tip=462 um2
02:22:45 trial 35 [g12-x] cost xw=875 y=734 z=289 tip=440 um2
02:22:54 mdi attempt 1 dead: o<tcp_pidt_ac> call [60.0] [120.0] [800]
02:23:43 trial 36 [reeval-g12] cost xw=943 y=861 z=317 tip=474 um2
02:24:33 trial 37 [g13-mut] cost xw=1070 y=1058 z=345 tip=462 um2
02:25:22 trial 38 [g13-x] cost xw=896 y=842 z=288 tip=476 um2
02:26:12 trial 39 [champ1] cost xw=733 y=737 z=277 tip=399 um2
02:27:02 trial 40 [champ2] cost xw=861 y=821 z=319 tip=452 um2
02:27:02 RESTORED pins to ORIGINALS (banked calibration; champion is data)
02:27:02 CHAMPION: {"xw": {"genes": {"Pgain": 16.7, "Igain": 5.183276690440524, "Dgain": 0.0, "FF1": 0.993, "FF2": 0.0035385060341960786}, "cost": 777.4, "baseline": 966.6}, "y": {"genes": {"Pgain": 17.277799799569106, "Igain": 5.190802724709099, "Dgain": 0.0, "FF1": 1.0049981799808914, "FF2": 0.008}, "cost": 733.7, "baseline": 988.6}, "z": {"genes": {"Pgain": 16.780814266693547, "Igain": 4.903393995724906, "Dgain": 0.0, "FF1": 0.992472943129025, "FF2": 0.0065471119015157765}, "cost": 273.1, "baseline": 319.1}}
02:27:02 TUNE COMPLETE: 40 trials -> /home/brains/Documents/ned/logs/pid_tune_20260807-015141.ndjson
02:27:02 RESTORED pins to ORIGINALS (banked calibration; champion is data)
02:27:57 originals loaded from /home/brains/Documents/ned/logs/pid_original_gains.json
02:27:57 geometry: arm 155.9256 + tool 88.0150 = pivot 243.9406
02:27:57 start guard: tip within 0.009 mm of cube center
02:27:57 resume: 40 prior same-F evals (y-axis), 2 base, 7 ff2, 0 trash
02:27:57 baseline reused from history
02:27:57 baseline: {"xw": 966.6, "y": 988.6, "z": 319.1} noise: {"xw": 0.31, "y": 0.28, "z": 0.14}
02:27:57 stage A skipped -- FF2 grid in history
02:27:57 incumbent xw: cost=777 FF2=0.003539 FF1=0.993 P=16.7
02:27:57 incumbent y: cost=734 FF2=0.008 FF1=1.005 P=17.3
02:27:57 incumbent z: cost=273 FF2=0.006547 FF1=0.992473 P=16.8
02:28:47 trial  1 [g1-mut] cost xw=866 y=869 z=321 tip=474 um2
02:28:56 mdi attempt 1 dead: o<tcp_pidt_ac> call [60.0] [120.0] [800]
02:29:45 trial  2 [g1-x] cost xw=847 y=779 z=276 tip=445 um2
02:30:35 trial  3 [g2-mut] cost xw=842 y=823 z=302 tip=460 um2
02:30:43 mdi attempt 1 dead: o<tcp_pidt_ac> call [60.0] [120.0] [800]
02:31:32 trial  4 [g2-x] cost xw=800 y=765 z=281 tip=423 um2
02:32:22 trial  5 [g3-mut] cost xw=857 y=856 z=297 tip=452 um2
02:32:31 mdi attempt 1 dead: o<tcp_pidt_ac> call [60.0] [120.0] [800]
02:33:20 trial  6 [g3-x] cost xw=791 y=810 z=292 tip=438 um2
02:34:07 trial  7 [g4-mut] cost xw=585 y=550 z=228 tip=376 um2
02:34:16 mdi attempt 1 dead: o<tcp_pidt_ac> call [60.0] [120.0] [800]
02:35:05 trial  8 [g4-x] cost xw=912 y=743 z=318 tip=436 um2
02:35:05 gen 4: xw improved -> 585
02:35:05 gen 4: y improved -> 550
02:35:05 gen 4: z improved -> 228
02:35:55 trial  9 [reeval-g4] cost xw=975 y=932 z=343 tip=454 um2
02:36:03 mdi attempt 1 dead: o<tcp_pidt_ac> call [60.0] [120.0] [800]
02:36:53 trial 10 [g5-mut] cost xw=743 y=707 z=272 tip=385 um2
02:37:42 trial 11 [g5-x] cost xw=877 y=824 z=304 tip=462 um2
02:37:51 mdi attempt 1 dead: o<tcp_pidt_ac> call [60.0] [120.0] [800]
02:38:40 trial 12 [g6-mut] cost xw=816 y=825 z=276 tip=425 um2
02:38:49 mdi attempt 1 dead: o<tcp_pidt_ac> call [60.0] [120.0] [800]
02:39:38 trial 13 [g6-x] cost xw=767 y=740 z=275 tip=443 um2
02:40:28 trial 14 [g7-mut] cost xw=841 y=823 z=292 tip=442 um2
02:40:36 mdi attempt 1 dead: o<tcp_pidt_ac> call [60.0] [120.0] [800]
02:41:25 trial 15 [g7-x] cost xw=894 y=786 z=297 tip=452 um2
02:42:15 trial 16 [g8-mut] cost xw=731 y=707 z=274 tip=393 um2
02:42:24 mdi attempt 1 dead: o<tcp_pidt_ac> call [60.0] [120.0] [800]
02:43:13 trial 17 [g8-x] cost xw=816 y=824 z=334 tip=461 um2
02:44:02 trial 18 [reeval-g8] cost xw=799 y=761 z=279 tip=410 um2
02:44:11 mdi attempt 1 dead: o<tcp_pidt_ac> call [60.0] [120.0] [800]
02:45:00 trial 19 [g9-mut] cost xw=790 y=762 z=309 tip=467 um2
02:45:50 trial 20 [g9-x] cost xw=819 y=801 z=280 tip=411 um2
02:46:39 trial 21 [g10-mut] cost xw=868 y=748 z=308 tip=443 um2
02:46:48 mdi attempt 1 dead: o<tcp_pidt_ac> call [60.0] [120.0] [800]
02:47:37 trial 22 [g10-x] cost xw=779 y=735 z=285 tip=399 um2
02:48:27 trial 23 [g11-mut] cost xw=875 y=810 z=314 tip=451 um2
02:49:16 trial 24 [g11-x] cost xw=782 y=731 z=259 tip=406 um2
02:49:16 gen 11: z improved -> 259
02:49:25 mdi attempt 1 dead: o<tcp_pidt_ac> call [60.0] [120.0] [800]
02:50:14 trial 25 [g12-mut] cost xw=843 y=800 z=296 tip=441 um2
02:51:04 trial 26 [g12-x] cost xw=805 y=730 z=287 tip=414 um2
02:51:12 mdi attempt 1 dead: o<tcp_pidt_ac> call [60.0] [120.0] [800]
02:52:01 trial 27 [reeval-g12] cost xw=823 y=794 z=294 tip=458 um2
02:52:51 trial 28 [g13-mut] cost xw=735 y=696 z=258 tip=390 um2
02:53:00 mdi attempt 1 dead: o<tcp_pidt_ac> call [60.0] [120.0] [800]
02:53:49 trial 29 [g13-x] cost xw=903 y=870 z=325 tip=469 um2
02:54:38 trial 30 [g14-mut] cost xw=814 y=764 z=267 tip=411 um2
02:55:28 trial 31 [g14-x] cost xw=863 y=852 z=319 tip=441 um2
02:55:37 mdi attempt 1 dead: o<tcp_pidt_ac> call [60.0] [120.0] [800]
02:56:26 trial 32 [g15-mut] cost xw=810 y=768 z=278 tip=414 um2
02:57:15 trial 33 [g15-x] cost xw=847 y=799 z=332 tip=433 um2
02:57:24 mdi attempt 1 dead: o<tcp_pidt_ac> call [60.0] [120.0] [800]
02:58:13 trial 34 [g16-mut] cost xw=742 y=714 z=266 tip=394 um2
02:59:03 trial 35 [g16-x] cost xw=825 y=786 z=297 tip=426 um2
02:59:52 trial 36 [reeval-g16] cost xw=746 y=724 z=256 tip=392 um2
03:00:01 mdi attempt 1 dead: o<tcp_pidt_ac> call [60.0] [120.0] [800]
03:00:50 trial 37 [g17-mut] cost xw=873 y=774 z=285 tip=425 um2
03:01:40 trial 38 [g17-x] cost xw=798 y=744 z=282 tip=405 um2
03:02:14 mdi attempt 1 dead: o<tcp_pidt_ac> call [0.0] [0.0] [800]
03:02:38 trial 39 [g18-mut] cost xw=857 y=824 z=295 tip=439 um2
03:03:28 trial 40 [g18-x] cost xw=728 y=685 z=265 tip=378 um2
03:04:18 trial 41 [g19-mut] cost xw=843 y=832 z=296 tip=438 um2
03:04:26 mdi attempt 1 dead: o<tcp_pidt_ac> call [60.0] [120.0] [800]
03:05:15 trial 42 [g19-x] cost xw=832 y=791 z=290 tip=429 um2
03:06:05 trial 43 [champ1] cost xw=751 y=782 z=281 tip=417 um2
03:06:13 mdi attempt 1 dead: o<tcp_pidt_ac> call [60.0] [120.0] [800]
03:07:03 trial 44 [champ2] cost xw=842 y=854 z=284 tip=441 um2
03:07:03 RESTORED pins to ORIGINALS (banked calibration; champion is data)
03:07:03 CHAMPION: {"xw": {"genes": {"Pgain": 16.7, "Igain": 5.183277, "Dgain": 0.0, "FF1": 0.9928578409603169, "FF2": 0.003709410573770083}, "cost": 730.8, "baseline": 966.6}, "y": {"genes": {"Pgain": 17.2778, "Igain": 5.301453622050084, "Dgain": 0.0, "FF1": 1.004998, "FF2": 0.007783867656255722}, "cost": 696.1, "baseline": 988.6}, "z": {"genes": {"Pgain": 16.594779842086908, "Igain": 5.102307710264127, "Dgain": 0.0, "FF1": 0.992473, "FF2": 0.0068845848126713625}, "cost": 264.5, "baseline": 319.1}}
03:07:03 TUNE COMPLETE: 44 trials -> /home/brains/Documents/ned/logs/pid_tune_20260807-022757.ndjson
03:07:03 RESTORED pins to ORIGINALS (banked calibration; champion is data)
03:08:00 originals loaded from /home/brains/Documents/ned/logs/pid_original_gains.json
03:08:00 geometry: arm 155.9256 + tool 88.0150 = pivot 243.9406
03:08:00 start guard: tip within 0.019 mm of cube center
03:08:00 resume: 84 prior same-F evals (y-axis), 2 base, 7 ff2, 0 trash
03:08:00 baseline reused from history
03:08:00 baseline: {"xw": 966.6, "y": 988.6, "z": 319.1} noise: {"xw": 0.31, "y": 0.28, "z": 0.14}
03:08:00 stage A skipped -- FF2 grid in history
03:08:00 incumbent xw: cost=731 FF2=0.003709 FF1=0.992858 P=16.7
03:08:00 incumbent y: cost=696 FF2=0.007784 FF1=1.005 P=17.3
03:08:00 incumbent z: cost=265 FF2=0.006885 FF1=0.992473 P=16.6
03:08:50 trial  1 [g1-mut] cost xw=821 y=814 z=312 tip=474 um2
03:09:39 trial  2 [g1-x] cost xw=788 y=764 z=304 tip=432 um2
03:10:29 trial  3 [g2-mut] cost xw=843 y=841 z=278 tip=426 um2
03:11:19 trial  4 [g2-x] cost xw=845 y=801 z=306 tip=419 um2
03:12:08 trial  5 [g3-mut] cost xw=752 y=745 z=272 tip=406 um2
03:12:17 mdi attempt 1 dead: o<tcp_pidt_ac> call [60.0] [120.0] [800]
03:13:06 trial  6 [g3-x] cost xw=801 y=790 z=282 tip=433 um2
03:13:56 trial  7 [g4-mut] cost xw=755 y=714 z=264 tip=389 um2
03:14:04 mdi attempt 1 dead: o<tcp_pidt_ac> call [60.0] [120.0] [800]
03:14:53 trial  8 [g4-x] cost xw=856 y=792 z=289 tip=459 um2
03:15:02 mdi attempt 1 dead: o<tcp_pidt_ac> call [60.0] [120.0] [800]
03:15:51 trial  9 [reeval-g4] cost xw=911 y=922 z=310 tip=456 um2
03:16:41 trial 10 [g5-mut] cost xw=839 y=796 z=297 tip=447 um2
03:16:49 mdi attempt 1 dead: o<tcp_pidt_ac> call [60.0] [120.0] [800]
03:17:38 trial 11 [g5-x] cost xw=1120 y=1153 z=364 tip=477 um2
03:18:28 trial 12 [g6-mut] cost xw=916 y=848 z=305 tip=465 um2
03:18:36 mdi attempt 1 dead: o<tcp_pidt_ac> call [60.0] [120.0] [800]
03:19:26 trial 13 [g6-x] cost xw=780 y=810 z=270 tip=392 um2
03:20:15 trial 14 [g7-mut] cost xw=873 y=815 z=300 tip=448 um2
03:20:24 mdi attempt 1 dead: o<tcp_pidt_ac> call [60.0] [120.0] [800]
03:21:13 trial 15 [g7-x] cost xw=811 y=743 z=272 tip=403 um2
03:22:03 trial 16 [g8-mut] cost xw=813 y=737 z=284 tip=415 um2
03:22:52 trial 17 [g8-x] cost xw=899 y=901 z=310 tip=435 um2
03:23:01 mdi attempt 1 dead: o<tcp_pidt_ac> call [60.0] [120.0] [800]
03:23:50 trial 18 [reeval-g8] cost xw=832 y=763 z=289 tip=419 um2
03:24:40 trial 19 [champ1] cost xw=796 y=790 z=277 tip=401 um2
03:24:48 mdi attempt 1 dead: o<tcp_pidt_ac> call [60.0] [120.0] [800]
03:25:38 trial 20 [champ2] cost xw=844 y=829 z=288 tip=412 um2
03:25:38 RESTORED pins to ORIGINALS (banked calibration; champion is data)
03:25:38 CHAMPION: {"xw": {"genes": {"Pgain": 16.7, "Igain": 5.42504753441223, "Dgain": 0.0, "FF1": 0.9952822775437649, "FF2": 0.003536360199747787}, "cost": 751.6, "baseline": 966.6}, "y": {"genes": {"Pgain": 17.336081, "Igain": 5.349387, "Dgain": 0.0, "FF1": 1.004998, "FF2": 0.007784}, "cost": 713.9, "baseline": 988.6}, "z": {"genes": {"Pgain": 16.59478, "Igain": 5.394331, "Dgain": 0.0, "FF1": 0.992182, "FF2": 0.006567}, "cost": 265.6, "baseline": 319.1}}
03:25:38 TUNE COMPLETE: 20 trials -> /home/brains/Documents/ned/logs/pid_tune_20260807-030800.ndjson
03:25:38 RESTORED pins to ORIGINALS (banked calibration; champion is data)
03:26:01 originals loaded from /home/brains/Documents/ned/logs/pid_original_gains.json
03:26:01 geometry: arm 155.9256 + tool 88.0150 = pivot 243.9406
03:26:01 start guard: tip within 0.019 mm of cube center
03:26:01 resume: 104 prior same-F evals (y-axis), 2 base, 7 ff2, 0 trash
03:26:01 baseline reused from history
03:26:01 baseline: {"xw": 966.6, "y": 988.6, "z": 319.1} noise: {"xw": 0.31, "y": 0.28, "z": 0.14}
03:26:01 stage A skipped -- FF2 grid in history
03:26:01 incumbent xw: cost=752 FF2=0.003536 FF1=0.995282 P=16.7
03:26:01 incumbent y: cost=714 FF2=0.007784 FF1=1.005 P=17.3
03:26:01 incumbent z: cost=266 FF2=0.006567 FF1=0.992182 P=16.6
03:26:51 trial  1 [g1-mut] cost xw=865 y=964 z=316 tip=479 um2
03:27:41 trial  2 [g1-x] cost xw=776 y=777 z=264 tip=403 um2
03:27:41 gen 1: z improved -> 264
03:27:49 mdi attempt 1 dead: o<tcp_pidt_ac> call [60.0] [120.0] [800]
03:28:38 trial  3 [g2-mut] cost xw=846 y=832 z=291 tip=458 um2
03:29:28 trial  4 [g2-x] cost xw=818 y=744 z=259 tip=397 um2
03:29:36 mdi attempt 1 dead: o<tcp_pidt_ac> call [60.0] [120.0] [800]
03:30:26 trial  5 [g3-mut] cost xw=845 y=772 z=288 tip=446 um2
03:31:16 trial  6 [g3-x] cost xw=704 y=701 z=263 tip=392 um2
03:31:24 mdi attempt 1 dead: o<tcp_pidt_ac> call [60.0] [120.0] [800]
03:32:14 trial  7 [g4-mut] cost xw=803 y=719 z=276 tip=438 um2
03:33:03 trial  8 [g4-x] cost xw=755 y=738 z=242 tip=389 um2
03:33:03 gen 4: z improved -> 242
03:33:12 mdi attempt 1 dead: o<tcp_pidt_ac> call [60.0] [120.0] [800]
03:34:01 trial  9 [reeval-g4] cost xw=691 y=702 z=244 tip=449 um2
03:34:51 trial 10 [g5-mut] cost xw=695 y=691 z=245 tip=390 um2
03:35:40 trial 11 [g5-x] cost xw=767 y=741 z=278 tip=453 um2
03:35:49 mdi attempt 1 dead: o<tcp_pidt_ac> call [60.0] [120.0] [800]
03:36:38 trial 12 [g6-mut] cost xw=885 y=881 z=286 tip=443 um2
03:37:28 trial 13 [g6-x] cost xw=730 y=689 z=258 tip=421 um2
03:37:36 mdi attempt 1 dead: o<tcp_pidt_ac> call [60.0] [120.0] [800]
03:38:26 trial 14 [g7-mut] cost xw=714 y=674 z=241 tip=474 um2
03:38:34 mdi attempt 1 dead: o<tcp_pidt_ac> call [60.0] [120.0] [800]
03:39:23 trial 15 [g7-x] cost xw=822 y=760 z=279 tip=435 um2
03:39:32 mdi attempt 1 dead: o<tcp_pidt_ac> call [60.0] [120.0] [800]
03:40:22 trial 16 [g8-mut] cost xw=734 y=747 z=267 tip=398 um2
03:41:11 trial 17 [g8-x] cost xw=806 y=737 z=259 tip=407 um2
03:42:01 trial 18 [reeval-g8] cost xw=768 y=714 z=258 tip=410 um2
03:42:09 mdi attempt 1 dead: o<tcp_pidt_ac> call [60.0] [120.0] [800]
03:42:59 trial 19 [g9-mut] cost xw=742 y=738 z=253 tip=402 um2
03:43:48 trial 20 [g9-x] cost xw=813 y=797 z=288 tip=425 um2
03:43:57 mdi attempt 1 dead: o<tcp_pidt_ac> call [60.0] [120.0] [800]
03:44:46 trial 21 [g10-mut] cost xw=884 y=879 z=298 tip=444 um2
03:45:36 trial 22 [g10-x] cost xw=781 y=744 z=258 tip=422 um2
03:45:44 mdi attempt 1 dead: o<tcp_pidt_ac> call [60.0] [120.0] [800]
03:46:33 trial 23 [g11-mut] cost xw=1040 y=1064 z=310 tip=474 um2
03:47:23 trial 24 [g11-x] cost xw=840 y=853 z=281 tip=435 um2
03:47:32 mdi attempt 1 dead: o<tcp_pidt_ac> call [60.0] [120.0] [800]
03:48:21 trial 25 [g12-mut] cost xw=926 y=943 z=290 tip=437 um2
03:49:10 trial 26 [g12-x] cost xw=876 y=871 z=284 tip=458 um2
03:50:00 trial 27 [reeval-g12] cost xw=924 y=928 z=280 tip=476 um2
03:50:09 mdi attempt 1 dead: o<tcp_pidt_ac> call [60.0] [120.0] [800]
03:50:58 trial 28 [champ1] cost xw=829 y=804 z=278 tip=487 um2
03:51:06 mdi attempt 1 dead: o<tcp_pidt_ac> call [60.0] [120.0] [800]
03:51:56 trial 29 [champ2] cost xw=741 y=731 z=252 tip=408 um2
03:51:56 RESTORED pins to ORIGINALS (banked calibration; champion is data)
03:51:56 CHAMPION: {"xw": {"genes": {"Pgain": 16.7, "Igain": 5.346344419636478, "Dgain": 0.0, "FF1": 0.992787, "FF2": 0.003539}, "cost": 704.4, "baseline": 966.6}, "y": {"genes": {"Pgain": 17.336081, "Igain": 5.349387, "Dgain": 0.0009374939000049374, "FF1": 1.0049371897623884, "FF2": 0.007784}, "cost": 689.0, "baseline": 988.6}, "z": {"genes": {"Pgain": 18.310691526518827, "Igain": 5.36039086246994, "Dgain": 0.0, "FF1": 0.9931192989990602, "FF2": 0.006567}, "cost": 253.0, "baseline": 319.1}}
03:51:56 TUNE COMPLETE: 29 trials -> /home/brains/Documents/ned/logs/pid_tune_20260807-032601.ndjson
03:51:56 RESTORED pins to ORIGINALS (banked calibration; champion is data)
03:52:03 originals loaded from /home/brains/Documents/ned/logs/pid_original_gains.json
03:52:03 geometry: arm 155.9256 + tool 88.0150 = pivot 243.9406
03:52:03 start guard: tip within 0.014 mm of cube center
03:52:03 resume: 133 prior same-F evals (y-axis), 2 base, 7 ff2, 0 trash
03:52:03 baseline reused from history
03:52:03 baseline: {"xw": 966.6, "y": 988.6, "z": 319.1} noise: {"xw": 0.31, "y": 0.28, "z": 0.14}
03:52:03 stage A skipped -- FF2 grid in history
03:52:03 incumbent xw: cost=704 FF2=0.003539 FF1=0.992787 P=16.7
03:52:03 incumbent y: cost=689 FF2=0.007784 FF1=1.00494 P=17.3
03:52:03 incumbent z: cost=253 FF2=0.006567 FF1=0.993119 P=18.3
03:52:53 trial  1 [g1-mut] cost xw=837 y=820 z=281 tip=458 um2
03:53:42 trial  2 [g1-x] cost xw=739 y=727 z=271 tip=425 um2
03:53:51 mdi attempt 1 dead: o<tcp_pidt_ac> call [60.0] [120.0] [800]
03:54:40 trial  3 [g2-mut] cost xw=823 y=757 z=269 tip=452 um2
03:55:30 trial  4 [g2-x] cost xw=799 y=734 z=250 tip=388 um2
03:56:19 trial  5 [g3-mut] cost xw=882 y=792 z=259 tip=428 um2
03:57:09 trial  6 [g3-x] cost xw=819 y=766 z=255 tip=406 um2
03:57:17 mdi attempt 1 dead: o<tcp_pidt_ac> call [60.0] [120.0] [800]
03:58:07 trial  7 [g4-mut] cost xw=931 y=832 z=275 tip=448 um2
03:58:56 trial  8 [g4-x] cost xw=865 y=783 z=255 tip=442 um2
03:59:05 mdi attempt 1 dead: o<tcp_pidt_ac> call [60.0] [120.0] [800]
03:59:54 trial  9 [reeval-g4] cost xw=941 y=915 z=291 tip=477 um2
04:00:44 trial 10 [g5-mut] cost xw=730 y=685 z=229 tip=417 um2
04:00:52 mdi attempt 1 dead: o<tcp_pidt_ac> call [60.0] [120.0] [800]
04:01:41 trial 11 [g5-x] cost xw=837 y=776 z=267 tip=480 um2
04:01:41 gen 5: y improved -> 685
04:01:41 gen 5: z improved -> 229
04:02:31 trial 12 [g6-mut] cost xw=873 y=848 z=270 tip=419 um2
04:02:39 mdi attempt 1 dead: o<tcp_pidt_ac> call [60.0] [120.0] [800]
04:03:29 trial 13 [g6-x] cost xw=796 y=731 z=258 tip=388 um2
04:04:18 trial 14 [g7-mut] cost xw=789 y=700 z=261 tip=403 um2
04:04:27 mdi attempt 1 dead: o<tcp_pidt_ac> call [60.0] [120.0] [800]
04:05:16 trial 15 [g7-x] cost xw=816 y=794 z=265 tip=410 um2
04:06:06 trial 16 [g8-mut] cost xw=707 y=703 z=250 tip=395 um2
04:06:14 mdi attempt 1 dead: o<tcp_pidt_ac> call [60.0] [120.0] [800]
04:07:04 trial 17 [g8-x] cost xw=875 y=739 z=269 tip=468 um2
04:07:13 mdi attempt 1 dead: o<tcp_pidt_ac> call [60.0] [120.0] [800]
04:08:02 trial 18 [reeval-g8] cost xw=847 y=814 z=275 tip=445 um2
04:08:52 trial 19 [g9-mut] cost xw=1285 y=1192 z=340 tip=444 um2
04:09:00 mdi attempt 1 dead: o<tcp_pidt_ac> call [60.0] [120.0] [800]
04:09:49 trial 20 [g9-x] cost xw=859 y=807 z=280 tip=452 um2
04:10:39 trial 21 [g10-mut] cost xw=751 y=694 z=245 tip=379 um2
04:11:29 trial 22 [g10-x] cost xw=815 y=767 z=266 tip=476 um2
04:11:37 mdi attempt 1 dead: o<tcp_pidt_ac> call [60.0] [120.0] [800]
04:12:27 trial 23 [g11-mut] cost xw=751 y=701 z=248 tip=375 um2
04:13:16 trial 24 [g11-x] cost xw=821 y=760 z=269 tip=407 um2
04:14:06 trial 25 [g12-mut] cost xw=737 y=711 z=241 tip=389 um2
04:14:14 mdi attempt 1 dead: o<tcp_pidt_ac> call [60.0] [120.0] [800]
04:15:04 trial 26 [g12-x] cost xw=802 y=726 z=259 tip=432 um2
04:15:53 trial 27 [reeval-g12] cost xw=740 y=691 z=240 tip=363 um2
04:16:02 mdi attempt 1 dead: o<tcp_pidt_ac> call [60.0] [120.0] [800]
04:16:51 trial 28 [g13-mut] cost xw=968 y=963 z=302 tip=472 um2
04:17:41 trial 29 [g13-x] cost xw=933 y=941 z=291 tip=416 um2
04:18:30 trial 30 [champ1] cost xw=780 y=758 z=255 tip=422 um2
04:19:20 trial 31 [champ2] cost xw=761 y=806 z=261 tip=433 um2
04:19:20 RESTORED pins to ORIGINALS (banked calibration; champion is data)
04:19:20 CHAMPION: {"xw": {"genes": {"Pgain": 16.214433, "Igain": 5.319071, "Dgain": 0.0, "FF1": 0.995282, "FF2": 0.003536}, "cost": 713.6, "baseline": 966.6}, "y": {"genes": {"Pgain": 17.336081, "Igain": 5.349387, "Dgain": 0.000822553108409669, "FF1": 1.0046688288078343, "FF2": 0.007784}, "cost": 693.8, "baseline": 988.6}, "z": {"genes": {"Pgain": 18.10156709865495, "Igain": 5.360391, "Dgain": 0.0, "FF1": 0.9930327254360762, "FF2": 0.006680525105753394}, "cost": 245.3, "baseline": 319.1}}
04:19:20 TUNE COMPLETE: 31 trials -> /home/brains/Documents/ned/logs/pid_tune_20260807-035203.ndjson
04:19:20 RESTORED pins to ORIGINALS (banked calibration; champion is data)
04:20:05 originals loaded from /home/brains/Documents/ned/logs/pid_original_gains.json
04:20:05 geometry: arm 155.9256 + tool 88.0150 = pivot 243.9406
04:20:05 start guard: tip within 0.019 mm of cube center
04:20:05 resume: 164 prior same-F evals (y-axis), 2 base, 7 ff2, 0 trash
04:20:05 baseline reused from history
04:20:05 baseline: {"xw": 966.6, "y": 988.6, "z": 319.1} noise: {"xw": 0.31, "y": 0.28, "z": 0.14}
04:20:05 stage A skipped -- FF2 grid in history
04:20:05 incumbent xw: cost=714 FF2=0.003536 FF1=0.995282 P=16.2
04:20:05 incumbent y: cost=694 FF2=0.007784 FF1=1.00467 P=17.3
04:20:05 incumbent z: cost=245 FF2=0.006681 FF1=0.993033 P=18.1
04:20:55 trial  1 [g1-mut] cost xw=758 y=718 z=249 tip=426 um2
04:21:03 mdi attempt 1 dead: o<tcp_pidt_ac> call [60.0] [120.0] [800]
04:21:37 mdi attempt 1 dead: o<tcp_pidt_ac> call [0.0] [0.0] [800]
04:22:01 trial  2 [g1-x] cost xw=881 y=782 z=283 tip=451 um2
04:22:51 trial  3 [g2-mut] cost xw=875 y=789 z=290 tip=433 um2
04:23:41 trial  4 [g2-x] cost xw=781 y=710 z=274 tip=443 um2
04:23:49 mdi attempt 1 dead: o<tcp_pidt_ac> call [60.0] [120.0] [800]
04:24:38 trial  5 [g3-mut] cost xw=789 y=773 z=265 tip=418 um2
04:25:28 trial  6 [g3-x] cost xw=749 y=647 z=253 tip=396 um2
04:25:37 mdi attempt 1 dead: o<tcp_pidt_ac> call [60.0] [120.0] [800]
04:26:26 trial  7 [g4-mut] cost xw=831 y=821 z=277 tip=427 um2
04:27:15 trial  8 [g4-x] cost xw=861 y=759 z=279 tip=420 um2
04:27:24 mdi attempt 1 dead: o<tcp_pidt_ac> call [60.0] [120.0] [800]
04:28:13 trial  9 [reeval-g4] cost xw=887 y=869 z=287 tip=446 um2
04:29:03 trial 10 [g5-mut] cost xw=881 y=836 z=277 tip=473 um2
04:29:53 trial 11 [g5-x] cost xw=884 y=842 z=269 tip=453 um2
04:30:01 mdi attempt 1 dead: o<tcp_pidt_ac> call [60.0] [120.0] [800]
04:30:50 trial 12 [g6-mut] cost xw=728 y=722 z=241 tip=409 um2
04:31:40 trial 13 [g6-x] cost xw=944 y=848 z=303 tip=411 um2
04:31:40 gen 6: z improved -> 241
04:31:49 mdi attempt 1 dead: o<tcp_pidt_ac> call [60.0] [120.0] [800]
04:32:38 trial 14 [g7-mut] cost xw=752 y=710 z=247 tip=405 um2
04:33:27 trial 15 [g7-x] cost xw=779 y=778 z=258 tip=420 um2
04:34:17 trial 16 [g8-mut] cost xw=748 y=722 z=244 tip=403 um2
04:34:26 mdi attempt 1 dead: o<tcp_pidt_ac> call [60.0] [120.0] [800]
04:35:15 trial 17 [g8-x] cost xw=772 y=649 z=239 tip=423 um2
04:35:15 gen 8: y improved -> 649
04:36:04 trial 18 [reeval-g8] cost xw=773 y=656 z=252 tip=387 um2
04:36:13 mdi attempt 1 dead: o<tcp_pidt_ac> call [60.0] [120.0] [800]
04:37:02 trial 19 [g9-mut] cost xw=1015 y=927 z=317 tip=457 um2
04:37:52 trial 20 [g9-x] cost xw=837 y=688 z=236 tip=452 um2
04:38:41 trial 21 [g10-mut] cost xw=863 y=811 z=284 tip=455 um2
04:38:50 mdi attempt 1 dead: o<tcp_pidt_ac> call [60.0] [120.0] [800]
04:39:39 trial 22 [g10-x] cost xw=824 y=716 z=271 tip=408 um2
04:40:29 trial 23 [g11-mut] cost xw=757 y=638 z=255 tip=400 um2
04:41:18 trial 24 [g11-x] cost xw=807 y=724 z=250 tip=396 um2
04:41:27 mdi attempt 1 dead: o<tcp_pidt_ac> call [60.0] [120.0] [800]
04:42:16 trial 25 [g12-mut] cost xw=742 y=644 z=249 tip=408 um2
04:42:25 mdi attempt 1 dead: o<tcp_pidt_ac> call [60.0] [120.0] [800]
04:43:14 trial 26 [g12-x] cost xw=924 y=852 z=276 tip=425 um2
04:44:04 trial 27 [reeval-g12] cost xw=829 y=749 z=271 tip=481 um2
04:44:12 mdi attempt 1 dead: o<tcp_pidt_ac> call [60.0] [120.0] [800]
04:45:01 trial 28 [g13-mut] cost xw=795 y=677 z=265 tip=471 um2
04:45:51 trial 29 [g13-x] cost xw=725 y=657 z=221 tip=389 um2
04:45:51 gen 13: z improved -> 221
04:46:41 trial 30 [g14-mut] cost xw=1141 y=1052 z=310 tip=457 um2
04:46:49 mdi attempt 1 dead: o<tcp_pidt_ac> call [60.0] [120.0] [800]
04:47:38 trial 31 [g14-x] cost xw=690 y=626 z=214 tip=367 um2
04:47:38 gen 14: xw improved -> 690
04:48:28 trial 32 [g15-mut] cost xw=771 y=686 z=237 tip=400 um2
04:48:37 mdi attempt 1 dead: o<tcp_pidt_ac> call [60.0] [120.0] [800]
04:49:26 trial 33 [g15-x] cost xw=785 y=685 z=228 tip=389 um2
04:50:15 trial 34 [g16-mut] cost xw=828 y=685 z=246 tip=400 um2
04:50:24 mdi attempt 1 dead: o<tcp_pidt_ac> call [60.0] [120.0] [800]
04:51:13 trial 35 [g16-x] cost xw=666 y=572 z=214 tip=422 um2
04:51:13 gen 16: y improved -> 572
04:52:03 trial 36 [reeval-g16] cost xw=875 y=799 z=253 tip=444 um2
04:52:11 mdi attempt 1 dead: o<tcp_pidt_ac> call [60.0] [120.0] [800]
04:53:00 trial 37 [g17-mut] cost xw=837 y=711 z=236 tip=392 um2
04:53:50 trial 38 [g17-x] cost xw=728 y=698 z=233 tip=402 um2
04:53:59 mdi attempt 1 dead: o<tcp_pidt_ac> call [60.0] [120.0] [800]
04:54:48 trial 39 [g18-mut] cost xw=759 y=663 z=234 tip=381 um2
04:55:37 trial 40 [g18-x] cost xw=819 y=682 z=242 tip=393 um2
04:55:46 mdi attempt 1 dead: o<tcp_pidt_ac> call [60.0] [120.0] [800]
04:56:35 trial 41 [g19-mut] cost xw=821 y=707 z=239 tip=418 um2
04:57:25 trial 42 [g19-x] cost xw=875 y=753 z=256 tip=416 um2
04:58:14 trial 43 [g20-mut] cost xw=829 y=701 z=241 tip=415 um2
04:58:23 mdi attempt 1 dead: o<tcp_pidt_ac> call [60.0] [120.0] [800]
04:59:12 trial 44 [g20-x] cost xw=1061 y=912 z=267 tip=445 um2
05:00:02 trial 45 [reeval-g20] cost xw=867 y=755 z=251 tip=413 um2
05:00:51 trial 46 [champ1] cost xw=1175 y=1043 z=305 tip=428 um2
05:01:41 trial 47 [champ2] cost xw=820 y=699 z=244 tip=424 um2
05:01:41 RESTORED pins to ORIGINALS (banked calibration; champion is data)
05:01:41 CHAMPION: {"xw": {"genes": {"Pgain": 16.023679619263092, "Igain": 5.3824802112868015, "Dgain": 0.0, "FF1": 0.9953933667013156, "FF2": 0.003535718524262652}, "cost": 725.3, "baseline": 966.6}, "y": {"genes": {"Pgain": 17.402815371051805, "Igain": 6.0657892188720455, "Dgain": 0.0008466008953390002, "FF1": 1.004669, "FF2": 0.007855082725529863}, "cost": 644.0, "baseline": 988.6}, "z": {"genes": {"Pgain": 18.183260280523378, "Igain": 6.395211316229787, "Dgain": 0.0, "FF1": 0.9936531724151931, "FF2": 0.006628227021566838}, "cost": 214.3, "baseline": 319.1}}
05:01:41 TUNE COMPLETE: 47 trials -> /home/brains/Documents/ned/logs/pid_tune_20260807-042005.ndjson
05:01:41 RESTORED pins to ORIGINALS (banked calibration; champion is data)
05:02:07 originals loaded from /home/brains/Documents/ned/logs/pid_original_gains.json
05:02:08 geometry: arm 155.9256 + tool 88.0150 = pivot 243.9406
05:02:08 start guard: tip within 0.019 mm of cube center
05:02:08 resume: 211 prior same-F evals (y-axis), 2 base, 7 ff2, 0 trash
05:02:08 baseline reused from history
05:02:08 baseline: {"xw": 966.6, "y": 988.6, "z": 319.1} noise: {"xw": 0.31, "y": 0.28, "z": 0.14}
05:02:08 stage A skipped -- FF2 grid in history
05:02:08 incumbent xw: cost=725 FF2=0.003536 FF1=0.995393 P=16.0
05:02:08 incumbent y: cost=644 FF2=0.007855 FF1=1.00467 P=17.4
05:02:08 incumbent z: cost=214 FF2=0.006628 FF1=0.993653 P=18.2
05:02:58 trial  1 [g1-mut] cost xw=1162 y=1028 z=308 tip=466 um2
05:03:47 trial  2 [g1-x] cost xw=937 y=814 z=262 tip=440 um2
05:03:56 mdi attempt 1 dead: o<tcp_pidt_ac> call [60.0] [120.0] [800]
05:04:45 trial  3 [g2-mut] cost xw=709 y=626 z=221 tip=386 um2
05:05:35 trial  4 [g2-x] cost xw=834 y=646 z=235 tip=421 um2
05:05:43 mdi attempt 1 dead: o<tcp_pidt_ac> call [60.0] [120.0] [800]
05:06:33 trial  5 [g3-mut] cost xw=775 y=663 z=229 tip=385 um2
05:07:22 trial  6 [g3-x] cost xw=742 y=684 z=230 tip=419 um2
05:08:12 trial  7 [g4-mut] cost xw=704 y=623 z=203 tip=382 um2
05:08:20 mdi attempt 1 dead: o<tcp_pidt_ac> call [60.0] [120.0] [800]
05:09:10 trial  8 [g4-x] cost xw=940 y=738 z=237 tip=478 um2
05:09:59 trial  9 [reeval-g4] cost xw=827 y=701 z=240 tip=442 um2
05:10:08 mdi attempt 1 dead: o<tcp_pidt_ac> call [60.0] [120.0] [800]
05:10:57 trial 10 [g5-mut] cost xw=769 y=665 z=223 tip=373 um2
05:11:05 mdi attempt 1 dead: o<tcp_pidt_ac> call [60.0] [120.0] [800]
05:11:55 trial 11 [g5-x] cost xw=803 y=704 z=228 tip=411 um2
05:12:44 trial 12 [g6-mut] cost xw=692 y=601 z=211 tip=384 um2
05:12:53 mdi attempt 1 dead: o<tcp_pidt_ac> call [60.0] [120.0] [800]
05:13:42 trial 13 [g6-x] cost xw=945 y=823 z=248 tip=422 um2
05:14:32 trial 14 [g7-mut] cost xw=807 y=662 z=228 tip=413 um2
05:15:21 trial 15 [g7-x] cost xw=871 y=792 z=260 tip=427 um2
05:16:11 trial 16 [g8-mut] cost xw=749 y=675 z=220 tip=399 um2
05:16:19 mdi attempt 1 dead: o<tcp_pidt_ac> call [60.0] [120.0] [800]
05:17:09 trial 17 [g8-x] cost xw=871 y=770 z=239 tip=426 um2
05:17:58 trial 18 [reeval-g8] cost xw=791 y=698 z=236 tip=414 um2
05:18:07 mdi attempt 1 dead: o<tcp_pidt_ac> call [60.0] [120.0] [800]
05:18:56 trial 19 [champ1] cost xw=712 y=614 z=202 tip=365 um2
05:19:46 trial 20 [champ2] cost xw=732 y=604 z=204 tip=385 um2
05:19:46 RESTORED pins to ORIGINALS (banked calibration; champion is data)
05:19:46 CHAMPION: {"xw": {"genes": {"Pgain": 15.738359175743026, "Igain": 5.486288312784808, "Dgain": 0.0, "FF1": 0.995393, "FF2": 0.0031628803942697135}, "cost": 709.1, "baseline": 966.6}, "y": {"genes": {"Pgain": 17.512210604343966, "Igain": 6.065789, "Dgain": 0.000847, "FF1": 1.004669, "FF2": 0.007830764935228069}, "cost": 606.3, "baseline": 988.6}, "z": {"genes": {"Pgain": 18.75120692537245, "Igain": 7.16263632, "Dgain": 0.0007989425162241235, "FF1": 0.993653, "FF2": 0.006628}, "cost": 202.8, "baseline": 319.1}}
05:19:46 TUNE COMPLETE: 20 trials -> /home/brains/Documents/ned/logs/pid_tune_20260807-050207.ndjson
05:19:46 RESTORED pins to ORIGINALS (banked calibration; champion is data)
05:20:09 originals loaded from /home/brains/Documents/ned/logs/pid_original_gains.json
05:20:09 geometry: arm 155.9256 + tool 88.0150 = pivot 243.9406
05:20:09 start guard: tip within 0.014 mm of cube center
05:20:10 resume: 231 prior same-F evals (y-axis), 2 base, 7 ff2, 0 trash
05:20:10 baseline reused from history
05:20:10 baseline: {"xw": 966.6, "y": 988.6, "z": 319.1} noise: {"xw": 0.31, "y": 0.28, "z": 0.14}
05:20:10 stage A skipped -- FF2 grid in history
05:20:10 incumbent xw: cost=709 FF2=0.003163 FF1=0.995393 P=15.7
05:20:10 incumbent y: cost=606 FF2=0.007831 FF1=1.00467 P=17.5
05:20:10 incumbent z: cost=203 FF2=0.006628 FF1=0.993653 P=18.8
05:20:59 trial  1 [g1-mut] cost xw=717 y=598 z=200 tip=406 um2
05:21:08 mdi attempt 1 dead: o<tcp_pidt_ac> call [60.0] [120.0] [800]
05:21:57 trial  2 [g1-x] cost xw=859 y=696 z=223 tip=419 um2
05:22:47 trial  3 [g2-mut] cost xw=738 y=563 z=203 tip=375 um2
05:23:36 trial  4 [g2-x] cost xw=729 y=587 z=215 tip=390 um2
05:23:45 mdi attempt 1 dead: o<tcp_pidt_ac> call [60.0] [120.0] [800]
05:24:34 trial  5 [g3-mut] cost xw=728 y=590 z=196 tip=441 um2
05:25:24 trial  6 [g3-x] cost xw=904 y=711 z=252 tip=427 um2
05:25:32 mdi attempt 1 dead: o<tcp_pidt_ac> call [60.0] [120.0] [800]
05:26:21 trial  7 [g4-mut] cost xw=630 y=607 z=199 tip=361 um2
05:27:11 trial  8 [g4-x] cost xw=813 y=721 z=216 tip=413 um2
05:27:20 mdi attempt 1 dead: o<tcp_pidt_ac> call [60.0] [120.0] [800]
05:28:09 trial  9 [reeval-g4] cost xw=753 y=639 z=215 tip=403 um2
05:28:58 trial 10 [g5-mut] cost xw=954 y=776 z=236 tip=415 um2
05:29:48 trial 11 [g5-x] cost xw=733 y=595 z=215 tip=378 um2
05:29:57 mdi attempt 1 dead: o<tcp_pidt_ac> call [60.0] [120.0] [800]
05:30:46 trial 12 [g6-mut] cost xw=992 y=847 z=246 tip=400 um2
05:31:35 trial 13 [g6-x] cost xw=768 y=651 z=230 tip=422 um2
05:31:44 mdi attempt 1 dead: o<tcp_pidt_ac> call [60.0] [120.0] [800]
05:32:33 trial 14 [g7-mut] cost xw=778 y=683 z=210 tip=377 um2
05:33:23 trial 15 [g7-x] cost xw=784 y=604 z=221 tip=395 um2
05:33:31 mdi attempt 1 dead: o<tcp_pidt_ac> call [60.0] [120.0] [800]
05:34:20 trial 16 [g8-mut] cost xw=828 y=716 z=220 tip=414 um2
05:34:29 mdi attempt 1 dead: o<tcp_pidt_ac> call [60.0] [120.0] [800]
05:35:18 trial 17 [g8-x] cost xw=864 y=725 z=226 tip=417 um2
05:36:08 trial 18 [reeval-g8] cost xw=742 y=617 z=211 tip=396 um2
05:36:16 mdi attempt 1 dead: o<tcp_pidt_ac> call [60.0] [120.0] [800]
05:37:06 trial 19 [champ1] cost xw=702 y=589 z=206 tip=365 um2
05:37:55 trial 20 [champ2] cost xw=727 y=590 z=211 tip=385 um2
05:37:55 RESTORED pins to ORIGINALS (banked calibration; champion is data)
05:37:55 CHAMPION: {"xw": {"genes": {"Pgain": 15.708841774006734, "Igain": 6.003186517031824, "Dgain": 0.0005855976198939324, "FF1": 0.9962420368489066, "FF2": 0.002728216096271339}, "cost": 686.3, "baseline": 966.6}, "y": {"genes": {"Pgain": 18.174188125421914, "Igain": 6.551092853285681, "Dgain": 0.000847, "FF1": 1.004669, "FF2": 0.007913484054883912}, "cost": 580.6, "baseline": 988.6}, "z": {"genes": {"Pgain": 18.881571737425066, "Igain": 7.162636, "Dgain": 0.00026162273172549463, "FF1": 0.993653, "FF2": 0.006628}, "cost": 199.0, "baseline": 319.1}}
05:37:55 TUNE COMPLETE: 20 trials -> /home/brains/Documents/ned/logs/pid_tune_20260807-052009.ndjson
05:37:55 RESTORED pins to ORIGINALS (banked calibration; champion is data)
05:38:10 originals loaded from /home/brains/Documents/ned/logs/pid_original_gains.json
05:38:10 geometry: arm 155.9256 + tool 88.0150 = pivot 243.9406
05:38:10 start guard: tip within 0.014 mm of cube center
05:38:11 resume: 251 prior same-F evals (y-axis), 2 base, 7 ff2, 0 trash
05:38:11 baseline reused from history
05:38:11 baseline: {"xw": 966.6, "y": 988.6, "z": 319.1} noise: {"xw": 0.31, "y": 0.28, "z": 0.14}
05:38:11 stage A skipped -- FF2 grid in history
05:38:11 incumbent xw: cost=686 FF2=0.002728 FF1=0.996242 P=15.7
05:38:11 incumbent y: cost=581 FF2=0.007913 FF1=1.00467 P=18.2
05:38:11 incumbent z: cost=199 FF2=0.006628 FF1=0.993653 P=18.9
05:39:00 trial  1 [g1-mut] cost xw=726 y=586 z=201 tip=401 um2
05:39:50 trial  2 [g1-x] cost xw=990 y=807 z=258 tip=428 um2
05:39:59 mdi attempt 1 dead: o<tcp_pidt_ac> call [60.0] [120.0] [800]
05:40:48 trial  3 [g2-mut] cost xw=644 y=546 z=191 tip=350 um2
05:41:37 trial  4 [g2-x] cost xw=778 y=607 z=217 tip=399 um2
05:41:46 mdi attempt 1 dead: o<tcp_pidt_ac> call [60.0] [120.0] [800]
05:42:35 trial  5 [g3-mut] cost xw=763 y=624 z=207 tip=395 um2
05:43:25 trial  6 [g3-x] cost xw=882 y=660 z=219 tip=410 um2
05:44:15 trial  7 [g4-mut] cost xw=1015 y=857 z=274 tip=404 um2
05:44:23 mdi attempt 1 dead: o<tcp_pidt_ac> call [60.0] [120.0] [800]
05:45:12 trial  8 [g4-x] cost xw=707 y=602 z=200 tip=361 um2
05:46:02 trial  9 [reeval-g4] cost xw=711 y=579 z=204 tip=363 um2
05:46:10 mdi attempt 1 dead: o<tcp_pidt_ac> call [60.0] [120.0] [800]
05:47:00 trial 10 [g5-mut] cost xw=741 y=618 z=214 tip=381 um2
05:47:08 mdi attempt 1 dead: o<tcp_pidt_ac> call [60.0] [120.0] [800]
05:47:57 trial 11 [g5-x] cost xw=697 y=616 z=208 tip=384 um2
05:48:47 trial 12 [g6-mut] cost xw=1028 y=880 z=272 tip=394 um2
05:48:56 mdi attempt 1 dead: o<tcp_pidt_ac> call [60.0] [120.0] [800]
05:49:45 trial 13 [g6-x] cost xw=756 y=625 z=222 tip=384 um2
05:50:34 trial 14 [g7-mut] cost xw=650 y=549 z=198 tip=357 um2
05:50:43 mdi attempt 1 dead: o<tcp_pidt_ac> call [60.0] [120.0] [800]
05:51:32 trial 15 [g7-x] cost xw=770 y=665 z=225 tip=392 um2
05:51:41 mdi attempt 1 dead: o<tcp_pidt_ac> call [60.0] [120.0] [800]
05:52:30 trial 16 [g8-mut] cost xw=753 y=655 z=212 tip=386 um2
05:53:20 trial 17 [g8-x] cost xw=787 y=670 z=218 tip=389 um2
05:54:09 trial 18 [reeval-g8] cost xw=754 y=642 z=220 tip=389 um2
05:54:59 trial 19 [champ1] cost xw=721 y=597 z=210 tip=393 um2
05:55:08 mdi attempt 1 dead: o<tcp_pidt_ac> call [60.0] [120.0] [800]
05:55:57 trial 20 [champ2] cost xw=674 y=550 z=200 tip=349 um2
05:55:57 RESTORED pins to ORIGINALS (banked calibration; champion is data)
05:55:57 CHAMPION: {"xw": {"genes": {"Pgain": 15.708842, "Igain": 6.003187, "Dgain": 0.0, "FF1": 0.996242, "FF2": 0.002728}, "cost": 681.8, "baseline": 966.6}, "y": {"genes": {"Pgain": 17.722125984968738, "Igain": 6.624859906065814, "Dgain": 0.000847, "FF1": 1.0047870007540944, "FF2": 0.007913}, "cost": 548.7, "baseline": 988.6}, "z": {"genes": {"Pgain": 19.561805308857103, "Igain": 6.906368404429056, "Dgain": 0.000262, "FF1": 0.993653, "FF2": 0.006832436534595511}, "cost": 197.6, "baseline": 319.1}}
05:55:57 TUNE COMPLETE: 20 trials -> /home/brains/Documents/ned/logs/pid_tune_20260807-053810.ndjson
05:55:57 RESTORED pins to ORIGINALS (banked calibration; champion is data)
05:56:11 originals loaded from /home/brains/Documents/ned/logs/pid_original_gains.json
05:56:11 geometry: arm 155.9256 + tool 88.0150 = pivot 243.9406
05:56:11 start guard: tip within 0.011 mm of cube center
05:56:12 resume: 271 prior same-F evals (y-axis), 2 base, 7 ff2, 0 trash
05:56:12 baseline reused from history
05:56:12 baseline: {"xw": 966.6, "y": 988.6, "z": 319.1} noise: {"xw": 0.31, "y": 0.28, "z": 0.14}
05:56:12 stage A skipped -- FF2 grid in history
05:56:12 incumbent xw: cost=682 FF2=0.002728 FF1=0.996242 P=15.7
05:56:12 incumbent y: cost=549 FF2=0.007913 FF1=1.00479 P=17.7
05:56:12 incumbent z: cost=198 FF2=0.006832 FF1=0.993653 P=19.6
05:57:02 trial  1 [g1-mut] cost xw=706 y=588 z=202 tip=413 um2
05:57:10 mdi attempt 1 dead: o<tcp_pidt_ac> call [60.0] [120.0] [800]
05:58:00 trial  2 [g1-x] cost xw=739 y=562 z=213 tip=375 um2
05:58:49 trial  3 [g2-mut] cost xw=649 y=579 z=192 tip=365 um2
05:58:58 mdi attempt 1 dead: o<tcp_pidt_ac> call [60.0] [120.0] [800]
05:59:47 trial  4 [g2-x] cost xw=793 y=692 z=223 tip=414 um2
06:00:37 trial  5 [g3-mut] cost xw=790 y=642 z=221 tip=398 um2
06:00:45 mdi attempt 1 dead: o<tcp_pidt_ac> call [60.0] [120.0] [800]
06:01:34 trial  6 [g3-x] cost xw=716 y=606 z=203 tip=379 um2
06:02:24 trial  7 [g4-mut] cost xw=758 y=591 z=210 tip=374 um2
06:02:33 mdi attempt 1 dead: o<tcp_pidt_ac> call [60.0] [120.0] [800]
06:03:22 trial  8 [g4-x] cost xw=700 y=619 z=216 tip=346 um2
06:04:12 trial  9 [reeval-g4] cost xw=644 y=561 z=198 tip=377 um2
06:04:20 mdi attempt 1 dead: o<tcp_pidt_ac> call [60.0] [120.0] [800]
06:05:10 trial 10 [g5-mut] cost xw=998 y=853 z=254 tip=421 um2
06:05:59 trial 11 [g5-x] cost xw=766 y=601 z=205 tip=426 um2
06:06:08 mdi attempt 1 dead: o<tcp_pidt_ac> call [60.0] [120.0] [800]
06:06:57 trial 12 [g6-mut] cost xw=681 y=565 z=196 tip=363 um2
06:07:47 trial 13 [g6-x] cost xw=756 y=623 z=229 tip=389 um2
06:08:36 trial 14 [g7-mut] cost xw=778 y=642 z=216 tip=372 um2
06:09:26 trial 15 [g7-x] cost xw=768 y=613 z=224 tip=411 um2
06:10:16 trial 16 [g8-mut] cost xw=633 y=536 z=190 tip=365 um2
06:11:05 trial 17 [g8-x] cost xw=786 y=674 z=224 tip=403 um2
06:11:55 trial 18 [reeval-g8] cost xw=641 y=562 z=192 tip=360 um2
06:12:03 mdi attempt 1 dead: o<tcp_pidt_ac> call [60.0] [120.0] [800]
06:12:53 trial 19 [champ1] cost xw=697 y=601 z=211 tip=388 um2
06:13:42 trial 20 [champ2] cost xw=769 y=644 z=211 tip=396 um2
06:13:42 RESTORED pins to ORIGINALS (banked calibration; champion is data)
06:13:42 CHAMPION: {"xw": {"genes": {"Pgain": 15.647378118653657, "Igain": 6.003187, "Dgain": 0.0, "FF1": 0.9969669605543822, "FF2": 0.002503420989814158}, "cost": 649.1, "baseline": 966.6}, "y": {"genes": {"Pgain": 18.38913334344482, "Igain": 7.026350691499124, "Dgain": 0.002187, "FF1": 1.004669, "FF2": 0.007733710267965077}, "cost": 562.3, "baseline": 988.6}, "z": {"genes": {"Pgain": 20.50148165077185, "Igain": 6.906368, "Dgain": 0.000262, "FF1": 0.9934901240429272, "FF2": 0.006832}, "cost": 191.8, "baseline": 319.1}}
06:13:42 TUNE COMPLETE: 20 trials -> /home/brains/Documents/ned/logs/pid_tune_20260807-055611.ndjson
06:13:42 RESTORED pins to ORIGINALS (banked calibration; champion is data)
06:14:13 originals loaded from /home/brains/Documents/ned/logs/pid_original_gains.json
06:14:13 geometry: arm 155.9256 + tool 88.0150 = pivot 243.9406
06:14:13 start guard: tip within 0.007 mm of cube center
06:14:14 resume: 291 prior same-F evals (y-axis), 2 base, 7 ff2, 0 trash
06:14:14 baseline reused from history
06:14:14 baseline: {"xw": 966.6, "y": 988.6, "z": 319.1} noise: {"xw": 0.31, "y": 0.28, "z": 0.14}
06:14:14 stage A skipped -- FF2 grid in history
06:14:14 incumbent xw: cost=649 FF2=0.002503 FF1=0.996967 P=15.6
06:14:14 incumbent y: cost=562 FF2=0.007734 FF1=1.00467 P=18.4
06:14:14 incumbent z: cost=192 FF2=0.006832 FF1=0.99349 P=20.5
06:15:03 trial  1 [g1-mut] cost xw=648 y=487 z=183 tip=438 um2
06:15:53 trial  2 [g1-x] cost xw=703 y=533 z=208 tip=386 um2
06:16:43 trial  3 [g2-mut] cost xw=703 y=532 z=196 tip=407 um2
06:17:32 trial  4 [g2-x] cost xw=725 y=612 z=199 tip=398 um2
06:17:41 mdi attempt 1 dead: o<tcp_pidt_ac> call [60.0] [120.0] [800]
06:18:30 trial  5 [g3-mut] cost xw=683 y=587 z=190 tip=353 um2
06:19:20 trial  6 [g3-x] cost xw=770 y=626 z=220 tip=391 um2
06:20:09 trial  7 [g4-mut] cost xw=667 y=537 z=201 tip=356 um2
06:20:18 mdi attempt 1 dead: o<tcp_pidt_ac> call [60.0] [120.0] [800]
06:21:07 trial  8 [g4-x] cost xw=730 y=597 z=218 tip=401 um2
06:21:57 trial  9 [reeval-g4] cost xw=780 y=620 z=206 tip=385 um2
06:22:05 mdi attempt 1 dead: o<tcp_pidt_ac> call [60.0] [120.0] [800]
06:22:54 trial 10 [g5-mut] cost xw=678 y=556 z=205 tip=356 um2
06:23:44 trial 11 [g5-x] cost xw=727 y=577 z=200 tip=385 um2
06:23:52 mdi attempt 1 dead: o<tcp_pidt_ac> call [60.0] [120.0] [800]
06:24:42 trial 12 [g6-mut] cost xw=723 y=537 z=201 tip=347 um2
06:25:31 trial 13 [g6-x] cost xw=632 y=504 z=185 tip=356 um2
06:25:31 gen 6: y improved -> 504
06:25:40 mdi attempt 1 dead: o<tcp_pidt_ac> call [60.0] [120.0] [800]
06:26:29 trial 14 [g7-mut] cost xw=998 y=792 z=251 tip=419 um2
06:27:19 trial 15 [g7-x] cost xw=799 y=633 z=211 tip=426 um2
06:27:27 mdi attempt 1 dead: o<tcp_pidt_ac> call [60.0] [120.0] [800]
06:28:16 trial 16 [g8-mut] cost xw=659 y=509 z=193 tip=344 um2
06:29:06 trial 17 [g8-x] cost xw=685 y=567 z=212 tip=416 um2
06:29:56 trial 18 [reeval-g8] cost xw=595 y=450 z=180 tip=356 um2
06:30:45 trial 19 [g9-mut] cost xw=834 y=630 z=228 tip=398 um2
06:31:35 trial 20 [g9-x] cost xw=667 y=494 z=184 tip=347 um2
06:31:43 mdi attempt 1 dead: o<tcp_pidt_ac> call [60.0] [120.0] [800]
06:32:33 trial 21 [g10-mut] cost xw=691 y=561 z=204 tip=375 um2
06:32:41 mdi attempt 1 dead: o<tcp_pidt_ac> call [60.0] [120.0] [800]
06:33:30 trial 22 [g10-x] cost xw=797 y=564 z=200 tip=404 um2
06:34:20 trial 23 [g11-mut] cost xw=839 y=625 z=223 tip=417 um2
06:34:29 mdi attempt 1 dead: o<tcp_pidt_ac> call [60.0] [120.0] [800]
06:35:18 trial 24 [g11-x] cost xw=667 y=489 z=185 tip=336 um2
06:36:07 trial 25 [g12-mut] cost xw=722 y=556 z=207 tip=370 um2
06:36:57 trial 26 [g12-x] cost xw=698 y=527 z=192 tip=363 um2
06:37:06 mdi attempt 1 dead: o<tcp_pidt_ac> call [60.0] [120.0] [800]
06:37:55 trial 27 [reeval-g12] cost xw=865 y=662 z=224 tip=416 um2
06:38:45 trial 28 [g13-mut] cost xw=873 y=725 z=236 tip=405 um2
06:39:34 trial 29 [g13-x] cost xw=1119 y=887 z=259 tip=427 um2
06:39:43 mdi attempt 1 dead: o<tcp_pidt_ac> call [60.0] [120.0] [800]
06:40:32 trial 30 [g14-mut] cost xw=721 y=555 z=207 tip=391 um2
06:41:21 trial 31 [g14-x] cost xw=640 y=529 z=196 tip=358 um2
06:41:21 gen 14: xw improved -> 640
06:41:30 mdi attempt 1 dead: o<tcp_pidt_ac> call [60.0] [120.0] [800]
06:42:19 trial 32 [g15-mut] cost xw=729 y=595 z=215 tip=371 um2
06:43:09 trial 33 [g15-x] cost xw=640 y=537 z=183 tip=373 um2
06:43:09 gen 15: z improved -> 183
06:43:58 trial 34 [g16-mut] cost xw=675 y=550 z=196 tip=378 um2
06:44:07 mdi attempt 1 dead: o<tcp_pidt_ac> call [60.0] [120.0] [800]
06:44:56 trial 35 [g16-x] cost xw=841 y=672 z=232 tip=386 um2
06:45:46 trial 36 [reeval-g16] cost xw=858 y=703 z=224 tip=410 um2
06:45:54 mdi attempt 1 dead: o<tcp_pidt_ac> call [60.0] [120.0] [800]
06:46:44 trial 37 [g17-mut] cost xw=671 y=524 z=194 tip=342 um2
06:46:52 mdi attempt 1 dead: o<tcp_pidt_ac> call [60.0] [120.0] [800]
06:47:41 trial 38 [g17-x] cost xw=817 y=642 z=221 tip=366 um2
06:48:31 trial 39 [g18-mut] cost xw=695 y=576 z=200 tip=382 um2
06:48:39 mdi attempt 1 dead: o<tcp_pidt_ac> call [60.0] [120.0] [800]
06:49:29 trial 40 [g18-x] cost xw=960 y=794 z=228 tip=393 um2
06:50:18 trial 41 [g19-mut] cost xw=778 y=608 z=206 tip=375 um2
06:51:08 trial 42 [g19-x] cost xw=612 y=518 z=179 tip=452 um2
06:51:08 gen 19: xw improved -> 612
06:51:08 gen 19: z improved -> 179
06:51:57 trial 43 [g20-mut] cost xw=699 y=560 z=209 tip=398 um2
06:52:06 mdi attempt 1 dead: o<tcp_pidt_ac> call [60.0] [120.0] [800]
06:52:55 trial 44 [g20-x] cost xw=711 y=575 z=206 tip=361 um2
06:53:45 trial 45 [reeval-g20] cost xw=769 y=622 z=228 tip=400 um2
06:53:53 mdi attempt 1 dead: o<tcp_pidt_ac> call [60.0] [120.0] [800]
06:54:42 trial 46 [champ1] cost xw=655 y=537 z=196 tip=353 um2
06:55:32 trial 47 [champ2] cost xw=729 y=595 z=216 tip=399 um2
06:55:32 RESTORED pins to ORIGINALS (banked calibration; champion is data)
06:55:32 CHAMPION: {"xw": {"genes": {"Pgain": 15.239982137495184, "Igain": 6.4276055928521165, "Dgain": 0.0, "FF1": 0.9972819442658127, "FF2": 0.002682768419828271}, "cost": 631.7, "baseline": 966.6}, "y": {"genes": {"Pgain": 19.070306680290532, "Igain": 7.008106166410553, "Dgain": 0.002150870724311225, "FF1": 1.003199003667742, "FF2": 0.007676544572451474}, "cost": 489.0, "baseline": 988.6}, "z": {"genes": {"Pgain": 20.501482, "Igain": 6.9467227633601185, "Dgain": 0.000262, "FF1": 0.9926738901083227, "FF2": 0.006261464263694188}, "cost": 183.2, "baseline": 319.1}}
06:55:32 TUNE COMPLETE: 47 trials -> /home/brains/Documents/ned/logs/pid_tune_20260807-061413.ndjson
06:55:32 RESTORED pins to ORIGINALS (banked calibration; champion is data)
06:56:16 originals loaded from /home/brains/Documents/ned/logs/pid_original_gains.json
06:56:16 geometry: arm 155.9256 + tool 88.0150 = pivot 243.9406
06:56:16 start guard: tip within 0.011 mm of cube center
06:56:17 resume: 338 prior same-F evals (y-axis), 2 base, 7 ff2, 0 trash
06:56:17 baseline reused from history
06:56:17 baseline: {"xw": 966.6, "y": 988.6, "z": 319.1} noise: {"xw": 0.31, "y": 0.28, "z": 0.14}
06:56:17 stage A skipped -- FF2 grid in history
06:56:17 incumbent xw: cost=632 FF2=0.002683 FF1=0.997282 P=15.2
06:56:17 incumbent y: cost=489 FF2=0.007677 FF1=1.0032 P=19.1
06:56:17 incumbent z: cost=183 FF2=0.006261 FF1=0.992674 P=20.5
06:57:06 trial  1 [g1-mut] cost xw=709 y=524 z=211 tip=414 um2
06:57:56 trial  2 [g1-x] cost xw=659 y=552 z=206 tip=362 um2
06:58:46 trial  3 [g2-mut] cost xw=732 y=591 z=224 tip=393 um2
06:58:54 mdi attempt 1 dead: o<tcp_pidt_ac> call [60.0] [120.0] [800]
06:59:43 trial  4 [g2-x] cost xw=649 y=543 z=204 tip=326 um2
07:00:33 trial  5 [g3-mut] cost xw=689 y=532 z=208 tip=390 um2
07:00:41 mdi attempt 1 dead: o<tcp_pidt_ac> call [60.0] [120.0] [800]
07:01:31 trial  6 [g3-x] cost xw=981 y=758 z=246 tip=378 um2
07:02:20 trial  7 [g4-mut] cost xw=884 y=685 z=239 tip=405 um2
07:02:29 mdi attempt 1 dead: o<tcp_pidt_ac> call [60.0] [120.0] [800]
07:03:18 trial  8 [g4-x] cost xw=692 y=517 z=207 tip=344 um2
07:04:07 trial  9 [reeval-g4] cost xw=724 y=570 z=210 tip=375 um2
07:04:16 mdi attempt 1 dead: o<tcp_pidt_ac> call [60.0] [120.0] [800]
07:05:05 trial 10 [g5-mut] cost xw=694 y=546 z=200 tip=354 um2
07:05:55 trial 11 [g5-x] cost xw=694 y=541 z=192 tip=378 um2
07:06:44 trial 12 [g6-mut] cost xw=685 y=556 z=210 tip=381 um2
07:07:34 trial 13 [g6-x] cost xw=748 y=566 z=195 tip=373 um2
07:07:43 mdi attempt 1 dead: o<tcp_pidt_ac> call [60.0] [120.0] [800]
07:08:32 trial 14 [g7-mut] cost xw=826 y=621 z=239 tip=393 um2
07:09:21 trial 15 [g7-x] cost xw=1048 y=973 z=263 tip=386 um2
07:10:11 trial 16 [g8-mut] cost xw=782 y=612 z=220 tip=407 um2
07:10:20 mdi attempt 1 dead: o<tcp_pidt_ac> call [60.0] [120.0] [800]
07:11:09 trial 17 [g8-x] cost xw=642 y=492 z=187 tip=341 um2
07:11:58 trial 18 [reeval-g8] cost xw=778 y=607 z=228 tip=390 um2
07:12:48 trial 19 [champ1] cost xw=670 y=518 z=189 tip=362 um2
07:12:57 mdi attempt 1 dead: o<tcp_pidt_ac> call [60.0] [120.0] [800]
07:13:46 trial 20 [champ2] cost xw=779 y=571 z=209 tip=375 um2
07:13:46 RESTORED pins to ORIGINALS (banked calibration; champion is data)
07:13:46 CHAMPION: {"xw": {"genes": {"Pgain": 15.647378, "Igain": 6.169662000106595, "Dgain": 0.0, "FF1": 0.9959420801217951, "FF2": 0.002503}, "cost": 642.2, "baseline": 966.6}, "y": {"genes": {"Pgain": 18.815614, "Igain": 7.276055, "Dgain": 0.002187, "FF1": 1.003443, "FF2": 0.007634}, "cost": 494.3, "baseline": 988.6}, "z": {"genes": {"Pgain": 19.966299, "Igain": 7.397911, "Dgain": 0.000262, "FF1": 0.993952, "FF2": 0.006593}, "cost": 184.7, "baseline": 319.1}}
07:13:46 TUNE COMPLETE: 20 trials -> /home/brains/Documents/ned/logs/pid_tune_20260807-065616.ndjson
07:13:46 RESTORED pins to ORIGINALS (banked calibration; champion is data)
07:14:17 originals loaded from /home/brains/Documents/ned/logs/pid_original_gains.json
07:14:17 geometry: arm 155.9256 + tool 88.0150 = pivot 243.9406
07:14:17 start guard: tip within 0.007 mm of cube center
07:14:18 resume: 358 prior same-F evals (y-axis), 2 base, 7 ff2, 0 trash
07:14:18 baseline reused from history
07:14:18 baseline: {"xw": 966.6, "y": 988.6, "z": 319.1} noise: {"xw": 0.31, "y": 0.28, "z": 0.14}
07:14:18 stage A skipped -- FF2 grid in history
07:14:18 incumbent xw: cost=642 FF2=0.002503 FF1=0.995942 P=15.6
07:14:18 incumbent y: cost=494 FF2=0.007634 FF1=1.00344 P=18.8
07:14:18 incumbent z: cost=185 FF2=0.006593 FF1=0.993952 P=20.0
07:15:08 trial  1 [g1-mut] cost xw=773 y=597 z=208 tip=430 um2
07:15:16 mdi attempt 1 dead: o<tcp_pidt_ac> call [60.0] [120.0] [800]
07:16:05 trial  2 [g1-x] cost xw=649 y=504 z=200 tip=354 um2
07:16:55 trial  3 [g2-mut] cost xw=749 y=566 z=207 tip=402 um2
07:17:45 trial  4 [g2-x] cost xw=643 y=536 z=196 tip=356 um2
07:17:53 mdi attempt 1 dead: o<tcp_pidt_ac> call [60.0] [120.0] [800]
07:18:42 trial  5 [g3-mut] cost xw=719 y=549 z=203 tip=381 um2
07:19:32 trial  6 [g3-x] cost xw=648 y=540 z=182 tip=337 um2
07:20:22 trial  7 [g4-mut] cost xw=761 y=593 z=216 tip=391 um2
07:20:30 mdi attempt 1 dead: o<tcp_pidt_ac> call [60.0] [120.0] [800]
07:21:19 trial  8 [g4-x] cost xw=806 y=643 z=207 tip=372 um2
07:22:09 trial  9 [reeval-g4] cost xw=773 y=584 z=212 tip=398 um2
07:22:17 mdi attempt 1 dead: o<tcp_pidt_ac> call [60.0] [120.0] [800]
07:23:07 trial 10 [g5-mut] cost xw=790 y=574 z=214 tip=374 um2
07:23:56 trial 11 [g5-x] cost xw=861 y=660 z=225 tip=396 um2
07:24:05 mdi attempt 1 dead: o<tcp_pidt_ac> call [60.0] [120.0] [800]
07:24:54 trial 12 [g6-mut] cost xw=685 y=495 z=192 tip=340 um2
07:25:44 trial 13 [g6-x] cost xw=666 y=505 z=193 tip=368 um2
07:25:52 mdi attempt 1 dead: o<tcp_pidt_ac> call [60.0] [120.0] [800]
07:26:42 trial 14 [g7-mut] cost xw=728 y=568 z=205 tip=381 um2
07:27:31 trial 15 [g7-x] cost xw=855 y=619 z=220 tip=391 um2
07:28:21 trial 16 [g8-mut] cost xw=774 y=573 z=209 tip=403 um2
07:29:11 trial 17 [g8-x] cost xw=840 y=660 z=215 tip=401 um2
07:29:19 mdi attempt 1 dead: o<tcp_pidt_ac> call [60.0] [120.0] [800]
07:30:08 trial 18 [reeval-g8] cost xw=781 y=614 z=216 tip=408 um2
07:30:58 trial 19 [champ1] cost xw=918 y=722 z=222 tip=391 um2
07:31:48 trial 20 [champ2] cost xw=922 y=710 z=226 tip=409 um2
07:31:48 RESTORED pins to ORIGINALS (banked calibration; champion is data)
07:31:48 CHAMPION: {"xw": {"genes": {"Pgain": 15.647378, "Igain": 6.003187, "Dgain": 0.0, "FF1": 0.995816, "FF2": 0.002503}, "cost": 647.7, "baseline": 966.6}, "y": {"genes": {"Pgain": 18.815614, "Igain": 7.008106, "Dgain": 0.001583866308970798, "FF1": 1.003443, "FF2": 0.007634}, "cost": 503.9, "baseline": 988.6}, "z": {"genes": {"Pgain": 20.50025, "Igain": 7.451498, "Dgain": 0.000144, "FF1": 0.993952, "FF2": 0.006261}, "cost": 184.7, "baseline": 319.1}}
07:31:48 TUNE COMPLETE: 20 trials -> /home/brains/Documents/ned/logs/pid_tune_20260807-071417.ndjson
07:31:48 RESTORED pins to ORIGINALS (banked calibration; champion is data)
07:32:18 originals loaded from /home/brains/Documents/ned/logs/pid_original_gains.json
07:32:18 geometry: arm 155.9256 + tool 88.0150 = pivot 243.9406
07:32:18 start guard: tip within 0.019 mm of cube center
07:32:19 resume: 378 prior same-F evals (y-axis), 2 base, 7 ff2, 0 trash
07:32:19 baseline reused from history
07:32:19 baseline: {"xw": 966.6, "y": 988.6, "z": 319.1} noise: {"xw": 0.31, "y": 0.28, "z": 0.14}
07:32:19 stage A skipped -- FF2 grid in history
07:32:19 incumbent xw: cost=648 FF2=0.002503 FF1=0.995816 P=15.6
07:32:19 incumbent y: cost=504 FF2=0.007634 FF1=1.00344 P=18.8
07:32:19 incumbent z: cost=185 FF2=0.006261 FF1=0.993952 P=20.5
07:33:09 trial  1 [g1-mut] cost xw=749 y=574 z=209 tip=411 um2
07:33:59 trial  2 [g1-x] cost xw=719 y=559 z=208 tip=356 um2
07:34:48 trial  3 [g2-mut] cost xw=778 y=596 z=206 tip=367 um2
07:35:38 trial  4 [g2-x] cost xw=777 y=609 z=206 tip=361 um2
07:36:27 trial  5 [g3-mut] cost xw=723 y=596 z=196 tip=371 um2
07:36:36 mdi attempt 1 dead: o<tcp_pidt_ac> call [60.0] [120.0] [800]
07:37:25 trial  6 [g3-x] cost xw=723 y=569 z=200 tip=346 um2
07:38:15 trial  7 [g4-mut] cost xw=762 y=616 z=197 tip=391 um2
07:39:04 trial  8 [g4-x] cost xw=783 y=564 z=204 tip=375 um2
07:39:13 mdi attempt 1 dead: o<tcp_pidt_ac> call [60.0] [120.0] [800]
07:40:02 trial  9 [reeval-g4] cost xw=828 y=628 z=216 tip=389 um2
07:40:52 trial 10 [g5-mut] cost xw=1141 y=943 z=256 tip=419 um2
07:41:00 mdi attempt 1 dead: o<tcp_pidt_ac> call [60.0] [120.0] [800]
07:41:50 trial 11 [g5-x] cost xw=700 y=540 z=202 tip=381 um2
07:41:50 gen 5: xw improved -> 700
07:42:39 trial 12 [g6-mut] cost xw=693 y=527 z=190 tip=367 um2
07:42:48 mdi attempt 1 dead: o<tcp_pidt_ac> call [60.0] [120.0] [800]
07:43:37 trial 13 [g6-x] cost xw=741 y=572 z=212 tip=376 um2
07:44:27 trial 14 [g7-mut] cost xw=679 y=522 z=195 tip=350 um2
07:44:35 mdi attempt 1 dead: o<tcp_pidt_ac> call [60.0] [120.0] [800]
07:45:24 trial 15 [g7-x] cost xw=870 y=695 z=224 tip=400 um2
07:46:14 trial 16 [g8-mut] cost xw=824 y=597 z=213 tip=397 um2
07:47:04 trial 17 [g8-x] cost xw=866 y=688 z=218 tip=391 um2
07:47:54 trial 18 [reeval-g8] cost xw=1046 y=808 z=248 tip=416 um2
07:48:43 trial 19 [g9-mut] cost xw=856 y=638 z=220 tip=414 um2
07:49:33 trial 20 [g9-x] cost xw=816 y=631 z=212 tip=394 um2
07:49:42 mdi attempt 1 dead: o<tcp_pidt_ac> call [60.0] [120.0] [800]
07:50:31 trial 21 [g10-mut] cost xw=736 y=570 z=209 tip=366 um2
07:50:40 mdi attempt 1 dead: o<tcp_pidt_ac> call [60.0] [120.0] [800]
07:51:29 trial 22 [g10-x] cost xw=742 y=561 z=209 tip=375 um2
07:51:29 gen 10: xw improved -> 736
07:51:37 mdi attempt 1 dead: o<tcp_pidt_ac> call [60.0] [120.0] [800]
07:52:27 trial 23 [g11-mut] cost xw=735 y=540 z=192 tip=389 um2
07:53:16 trial 24 [g11-x] cost xw=710 y=604 z=196 tip=405 um2
07:53:16 gen 11: y improved -> 540
07:53:16 gen 11: z improved -> 192
07:53:25 mdi attempt 1 dead: o<tcp_pidt_ac> call [60.0] [120.0] [800]
07:54:14 trial 25 [g12-mut] cost xw=613 y=495 z=187 tip=348 um2
07:55:04 trial 26 [g12-x] cost xw=729 y=597 z=209 tip=389 um2
07:55:04 gen 12: xw improved -> 613
07:55:12 mdi attempt 1 dead: o<tcp_pidt_ac> call [60.0] [120.0] [800]
07:56:01 trial 27 [reeval-g12] cost xw=750 y=573 z=203 tip=361 um2
07:56:51 trial 28 [g13-mut] cost xw=693 y=583 z=204 tip=385 um2
07:57:00 mdi attempt 1 dead: o<tcp_pidt_ac> call [60.0] [120.0] [800]
07:57:49 trial 29 [g13-x] cost xw=997 y=684 z=231 tip=402 um2
07:58:38 trial 30 [g14-mut] cost xw=860 y=649 z=224 tip=410 um2
07:58:47 mdi attempt 1 dead: o<tcp_pidt_ac> call [60.0] [120.0] [800]
07:59:36 trial 31 [g14-x] cost xw=663 y=504 z=190 tip=332 um2
07:59:36 gen 14: y improved -> 504
08:00:26 trial 32 [g15-mut] cost xw=790 y=579 z=210 tip=367 um2
08:01:15 trial 33 [g15-x] cost xw=693 y=514 z=194 tip=364 um2
08:02:05 trial 34 [g16-mut] cost xw=752 y=571 z=210 tip=359 um2
08:02:14 mdi attempt 1 dead: o<tcp_pidt_ac> call [60.0] [120.0] [800]
08:03:03 trial 35 [g16-x] cost xw=717 y=533 z=201 tip=380 um2
08:03:12 mdi attempt 1 dead: o<tcp_pidt_ac> call [60.0] [120.0] [800]
08:04:01 trial 36 [reeval-g16] cost xw=864 y=695 z=225 tip=421 um2
08:04:50 trial 37 [g17-mut] cost xw=696 y=502 z=189 tip=408 um2
08:04:59 mdi attempt 1 dead: o<tcp_pidt_ac> call [60.0] [120.0] [800]
08:05:48 trial 38 [g17-x] cost xw=712 y=536 z=196 tip=350 um2
08:05:48 gen 17: y improved -> 502
08:06:38 trial 39 [g18-mut] cost xw=868 y=649 z=229 tip=387 um2
08:07:27 trial 40 [g18-x] cost xw=732 y=555 z=198 tip=368 um2
08:07:36 mdi attempt 1 dead: o<tcp_pidt_ac> call [60.0] [120.0] [800]
08:08:25 trial 41 [g19-mut] cost xw=805 y=563 z=220 tip=381 um2
08:09:15 trial 42 [g19-x] cost xw=727 y=489 z=184 tip=357 um2
08:09:15 gen 19: z improved -> 184
08:09:23 mdi attempt 1 dead: o<tcp_pidt_ac> call [60.0] [120.0] [800]
08:10:13 trial 43 [g20-mut] cost xw=699 y=485 z=194 tip=402 um2
08:11:02 trial 44 [g20-x] cost xw=739 y=588 z=210 tip=366 um2
08:11:52 trial 45 [reeval-g20] cost xw=762 y=560 z=206 tip=385 um2
08:12:00 mdi attempt 1 dead: o<tcp_pidt_ac> call [60.0] [120.0] [800]
08:12:50 trial 46 [champ1] cost xw=665 y=489 z=187 tip=398 um2
08:13:39 trial 47 [champ2] cost xw=793 y=607 z=215 tip=408 um2
08:13:39 RESTORED pins to ORIGINALS (banked calibration; champion is data)
08:13:39 CHAMPION: {"xw": {"genes": {"Pgain": 15.647378, "Igain": 6.026746306253129, "Dgain": 0.0, "FF1": 0.9962862180300882, "FF2": 0.002380438560266597}, "cost": 662.9, "baseline": 966.6}, "y": {"genes": {"Pgain": 19.18298852416772, "Igain": 7.215805779362871, "Dgain": 0.001926, "FF1": 1.0027631583209056, "FF2": 0.007666090665453675}, "cost": 489.0, "baseline": 988.6}, "z": {"genes": {"Pgain": 20.540599609800275, "Igain": 7.287699445487982, "Dgain": 0.000144, "FF1": 0.9943551035943213, "FF2": 0.006357781802106653}, "cost": 187.0, "baseline": 319.1}}
08:13:39 TUNE COMPLETE: 47 trials -> /home/brains/Documents/ned/logs/pid_tune_20260807-073218.ndjson
08:13:39 RESTORED pins to ORIGINALS (banked calibration; champion is data)
08:14:21 originals loaded from /home/brains/Documents/ned/logs/pid_original_gains.json
08:14:21 geometry: arm 155.9256 + tool 88.0150 = pivot 243.9406
08:14:21 start guard: tip within 0.019 mm of cube center
08:14:23 resume: 425 prior same-F evals (y-axis), 2 base, 7 ff2, 0 trash
08:14:23 baseline reused from history
08:14:23 baseline: {"xw": 966.6, "y": 988.6, "z": 319.1} noise: {"xw": 0.31, "y": 0.28, "z": 0.14}
08:14:23 stage A skipped -- FF2 grid in history
08:14:23 incumbent xw: cost=649 FF2=0.002503 FF1=0.995816 P=16.3
08:14:23 incumbent y: cost=489 FF2=0.007666 FF1=1.00276 P=19.2
08:14:23 incumbent z: cost=187 FF2=0.006358 FF1=0.994355 P=20.5
08:15:12 trial  1 [g1-mut] cost xw=830 y=602 z=220 tip=419 um2
08:16:02 trial  2 [g1-x] cost xw=668 y=554 z=190 tip=365 um2
08:16:52 trial  3 [g2-mut] cost xw=785 y=556 z=208 tip=380 um2
08:17:00 mdi attempt 1 dead: o<tcp_pidt_ac> call [60.0] [120.0] [800]
08:17:49 trial  4 [g2-x] cost xw=792 y=621 z=219 tip=392 um2
08:18:39 trial  5 [g3-mut] cost xw=843 y=653 z=223 tip=403 um2
08:18:47 mdi attempt 1 dead: o<tcp_pidt_ac> call [60.0] [120.0] [800]
08:19:37 trial  6 [g3-x] cost xw=725 y=549 z=204 tip=357 um2
08:20:26 trial  7 [g4-mut] cost xw=820 y=641 z=232 tip=409 um2
08:21:16 trial  8 [g4-x] cost xw=725 y=575 z=207 tip=391 um2
08:22:06 trial  9 [reeval-g4] cost xw=754 y=599 z=215 tip=388 um2
08:22:55 trial 10 [g5-mut] cost xw=624 y=483 z=183 tip=382 um2
08:23:04 mdi attempt 1 dead: o<tcp_pidt_ac> call [60.0] [120.0] [800]
08:23:53 trial 11 [g5-x] cost xw=747 y=638 z=217 tip=377 um2
08:23:53 gen 5: z improved -> 183
08:24:43 trial 12 [g6-mut] cost xw=661 y=526 z=199 tip=354 um2
08:24:51 mdi attempt 1 dead: o<tcp_pidt_ac> call [60.0] [120.0] [800]
08:25:40 trial 13 [g6-x] cost xw=702 y=545 z=195 tip=364 um2
08:26:30 trial 14 [g7-mut] cost xw=629 y=508 z=188 tip=360 um2
08:27:20 trial 15 [g7-x] cost xw=639 y=495 z=186 tip=345 um2
08:28:09 trial 16 [g8-mut] cost xw=663 y=525 z=202 tip=369 um2
08:28:59 trial 17 [g8-x] cost xw=640 y=490 z=189 tip=346 um2
08:29:07 mdi attempt 1 dead: o<tcp_pidt_ac> call [60.0] [120.0] [800]
08:29:57 trial 18 [reeval-g8] cost xw=609 y=489 z=190 tip=341 um2
08:30:46 trial 19 [g9-mut] cost xw=658 y=549 z=204 tip=367 um2
08:30:55 mdi attempt 1 dead: o<tcp_pidt_ac> call [60.0] [120.0] [800]
08:31:44 trial 20 [g9-x] cost xw=770 y=578 z=223 tip=375 um2
08:32:34 trial 21 [g10-mut] cost xw=758 y=603 z=214 tip=375 um2
08:33:23 trial 22 [g10-x] cost xw=657 y=519 z=192 tip=371 um2
08:33:32 mdi attempt 1 dead: o<tcp_pidt_ac> call [60.0] [120.0] [800]
08:34:21 trial 23 [g11-mut] cost xw=840 y=668 z=221 tip=402 um2
08:36:22 trial 24 leg failed: leg deadline
08:36:22 RESTORED pins to ORIGINALS (banked calibration; champion is data)
