==== 2026-07-30 10:34:27  pso_home (launch-time A/C absolute read) ====
  zero A(mt=36,w=18954370)  C(mt=35,w=61507551)   gears A=128.25 C=203.7471
  A: true angle = 14.0191 deg  -> HOME_OFFSET=14.0191
  C: offset -351.1877 deg BEYOND +/-315  -> HOME_OFFSET=0 (sign/rollover? refusing blind move).
  NOTE: near-zero cannot validate the offset SIGN -- a wrong sign at +2 deg looks
        like success but at +300 deg is a full-unwind crash into the soft limit.
==== 2026-07-30 11:29:34  pso_home (startup absolute, unwrapped +/-315) ====
  zero A(mt=36,w=44350458)  C(mt=-168,w=4280673)   gears A=128.25 C=203.7471
  A: raw(mt=+39 w=31911616)  position = +7.90 deg
  C: raw(mt=-208 w=31301410)  position = -69.96 deg
==== 2026-07-30 11:42:07  pso_home (startup absolute, unwrapped +/-315) ====
  zero A(mt=36,w=44350458)  C(mt=-168,w=4280673)   gears A=128.25 C=203.7471
  A: raw(mt=+39 w=31911209)  position = +7.90 deg
  C: raw(mt=-208 w=31301774)  position = -69.96 deg
==== 2026-07-30 11:50:07  pso_home (startup absolute, unwrapped +/-315) ====
  zero A(mt=36,w=44350458)  C(mt=-168,w=4280673)   gears A=128.25 C=203.7471
  A: raw(mt=+39 w=31911029)  position = +7.90 deg
  C: raw(mt=-208 w=31302160)  position = -69.96 deg
==== 2026-07-30 12:00:13  pso_home (startup absolute, unwrapped +/-315) ====
  zero A(mt=36,w=44350458)  C(mt=-168,w=4280673)   gears A=128.25 C=203.7471
  A: raw(mt=+42 w=19361618)  position = +15.80 deg
  C: raw(mt=-248 w=58498184)  position = -139.92 deg
==== 2026-07-30 12:01:12  pso_home (startup absolute, unwrapped +/-315) ====
  zero A(mt=36,w=44350458)  C(mt=-168,w=4280673)   gears A=128.25 C=203.7471
  A: raw(mt=+42 w=19358823)  position = +15.80 deg
  C: raw(mt=-248 w=58498226)  position = -139.92 deg
==== 2026-07-30 12:07:11  pso_home (startup absolute, unwrapped +/-315) ====
  zero A(mt=36,w=44350458)  C(mt=-168,w=4280673)   gears A=128.25 C=203.7471
  A: raw(mt=+28 w=42279346)  position = -22.54 deg
  C: raw(mt=-151 w=37904466)  position = +30.92 deg
==== 2026-07-30 12:11:26  pso_home (startup absolute, unwrapped +/-315) ====
  zero A(mt=36,w=44350458)  C(mt=-168,w=4280673)   gears A=128.25 C=203.7471
  A: raw(mt=+28 w=42279929)  position = +22.54 deg
  C: raw(mt=-151 w=37904154)  position = +30.92 deg
==== 2026-07-30 12:32:06  pso_home (startup absolute, unwrapped +/-315) ====
  zero A(mt=36,w=44350458)  C(mt=-168,w=4280673)   gears A=128.25 C=203.7471
==== 2026-07-30 12:33:10  pso_home (startup absolute, unwrapped +/-315) ====
  zero A(mt=36,w=44350458)  C(mt=-168,w=4280673)   gears A=128.25 C=203.7471
  A: raw(mt=+36 w=44161178)  position = +0.01 deg
  C: raw(mt=-168 w=4401784)  position = +0.00 deg
==== 2026-07-30 13:32:29  pso_home (startup absolute, unwrapped +/-315) ====
  zero A(mt=36,w=44350458)  C(mt=-168,w=4280673)   gears A=128.25 C=203.7471
  A: raw(mt=+35 w=16127507)  position = +3.99 deg
  C: raw(mt=-143 w=35804392)  position = +45.00 deg
==== 2026-07-30 13:37:25  pso_home (startup absolute, unwrapped +/-315) ====
  zero A(mt=36,w=44350458)  C(mt=-168,w=4280673)   gears A=128.25 C=203.7471
  A: raw(mt=+35 w=16127519)  position = +3.99 deg
  C: raw(mt=-143 w=35804053)  position = +45.00 deg
2026-07-30 13:44:46  pso_home skipped (RUN5_SKIP_PSO=1)
2026-07-30 14:09:33  pso_home skipped (RUN5_SKIP_PSO=1)
2026-07-30 14:20:27  pso_home skipped (RUN5_SKIP_PSO=1)
2026-07-30 14:25:22  pso_home skipped (RUN5_SKIP_PSO=1)
==== 2026-07-30 14:33:13  pso_home (startup absolute, unwrapped +/-315) ====
  zero A(mt=36,w=44350458)  C(mt=-168,w=4280673)   gears A=128.25 C=203.7471
  A: raw(mt=+38 w=5273329)  position = -3.98 deg
  C: raw(mt=-194 w=40086673)  position = -45.00 deg
