18:52:15 waiting for POWER (state=2)
18:52:45 waiting for POWER (state=2)
18:53:15 waiting for POWER (state=2)
18:53:45 waiting for POWER (state=2)
18:54:15 waiting for POWER (state=2)
18:54:45 waiting for POWER (state=2)
18:55:15 waiting for POWER (state=2)
18:55:45 waiting for POWER (state=2)
18:56:15 waiting for POWER (state=2)
18:56:45 waiting for POWER (state=2)
18:57:15 waiting for POWER (state=2)
18:57:45 waiting for POWER (state=2)
18:58:15 waiting for POWER (state=2)
18:58:45 waiting for POWER (state=2)
18:59:15 waiting for POWER (state=2)
18:59:45 waiting for POWER (state=2)
19:00:15 waiting for POWER (state=2)
19:00:45 waiting for POWER (state=2)
19:01:15 waiting for POWER (state=2)
19:01:45 waiting for POWER (state=2)
19:02:15 waiting for POWER (state=2)
19:02:45 waiting for POWER (state=2)
19:03:15 waiting for POWER (state=2)
19:03:45 waiting for POWER (state=2)
19:04:15 waiting for POWER (state=2)
19:04:45 waiting for POWER (state=2)
19:05:15 waiting for POWER (state=2)
19:05:45 waiting for POWER (state=2)
19:06:15 waiting for POWER (state=2)
19:06:45 waiting for POWER (state=2)
19:07:15 waiting for POWER (state=2)
19:07:45 waiting for POWER (state=2)
19:08:15 waiting for POWER (state=2)
19:08:45 waiting for POWER (state=2)
19:09:15 waiting for POWER (state=2)
19:09:45 waiting for POWER (state=2)
19:10:15 waiting for POWER (state=2)
19:10:45 waiting for POWER (state=2)
19:11:15 waiting for POWER (state=2)
19:11:45 waiting for POWER (state=2)
19:12:15 waiting for POWER (state=2)
19:12:45 waiting for POWER (state=2)
19:13:15 waiting for POWER (state=2)
19:13:45 waiting for POWER (state=2)
19:14:15 waiting for POWER (state=2)
19:14:45 waiting for POWER (state=2)
19:15:15 waiting for POWER (state=2)
19:15:45 waiting for POWER (state=2)
19:16:15 waiting for POWER (state=2)
19:17:59 waiting for POWER (state=2)
19:18:29 waiting for POWER (state=2)
19:18:59 waiting for POWER (state=2)
19:19:29 waiting for POWER (state=2)
19:19:59 waiting for POWER (state=2)
19:20:29 waiting for POWER (state=2)
19:20:59 waiting for POWER (state=2)
19:21:29 waiting for POWER (state=2)
19:21:59 waiting for POWER (state=2)
19:22:29 waiting for POWER (state=2)
19:22:32 machine ON and homed
19:22:32 parking from A=-87.83 C=0.00
19:22:41 MDI no-motion attempt 1: o<tcp_pidt_ac> call [0] [0] [450]
19:23:01 MDI no-motion attempt 2: o<tcp_pidt_ac> call [0] [0] [450]
19:23:21 MDI no-motion attempt 3: o<tcp_pidt_ac> call [0] [0] [450]
19:23:41 MDI no-motion attempt 4: o<tcp_pidt_ac> call [0] [0] [450]
19:38:53 machine ON and homed
19:38:53 parking from A=0.00 C=-0.00
19:38:53 parked at A0 C0
19:38:54 tip=(-423.1, -1112.6, -264.6) L=320.774
19:38:54 full +-90/+-180 ball verified inside soft limits (X -744..-102, Y -1433..-792, Zmin -585)
19:38:54 leg  1/40: A -41.90 C -114.08 F445 (deadline 48s)
19:39:11   ... A=-34.6 C=-94.1 interp=2
19:39:19 leg  2/40: A +68.64 C +102.50 F479 (deadline 60s)
19:39:36   ... A=7.0 C=-18.3 interp=2
19:39:51   ... A=60.8 C=87.1 interp=2
19:40:01 leg  3/40: A -67.71 C  +26.16 F346 (deadline 54s)
19:40:17   ... A=0.5 C=64.4 interp=2
19:40:32   ... A=-67.1 C=26.5 interp=2
19:40:38 leg  4/40: A +68.16 C  -95.26 F170 (deadline 76s)
19:45:04 machine ON and homed
19:46:32 machine ON and homed
19:46:32 parking from A=-0.00 C=0.00
19:46:32 parked at A0 C0
19:46:32 tip=(-423.1, -1112.6, -264.6) L=320.774
19:46:32 full +-90/+-180 ball verified inside soft limits (X -744..-102, Y -1433..-792, Zmin -585)
19:46:32 leg  1/40: A -33.75 C -110.83 F229 (deadline 58s)
19:46:40 MDI no-motion attempt 1: o<tcp_pidt_ac> call [-33.752] [-110.834] [229]
19:46:57   ... A=-16.9 C=-55.5 interp=2
19:47:12   ... A=-33.2 C=-108.9 interp=2
19:47:18 leg  2/40: A +32.48 C  +56.54 F431 (deadline 55s)
19:47:35   ... A=2.4 C=-19.4 interp=2
19:47:50   ... A=32.5 C=56.5 interp=2
19:47:54 leg  3/40: A +88.27 C  +57.56 F514 (deadline 40s)
19:48:10   ... A=88.3 C=57.6 interp=2
19:48:13 leg  4/40: A -66.75 C  +39.41 F517 (deadline 52s)
19:48:29   ... A=-12.3 C=45.8 interp=2
19:48:43 leg  5/40: A +53.27 C +143.74 F358 (deadline 51s)
19:48:59   ... A=-4.8 C=93.3 interp=2
19:49:14   ... A=53.3 C=143.7 interp=2
19:49:18 leg  6/40: A -46.44 C +169.00 F579 (deadline 45s)
19:49:34   ... A=-38.4 C=167.0 interp=2
19:49:43 leg  7/40: A -32.15 C  +31.17 F228 (deadline 65s)
19:50:01   ... A=-40.1 C=107.9 interp=2
19:50:16   ... A=-34.2 C=51.2 interp=2
19:50:28 leg  8/40: A +62.09 C  +78.69 F516 (deadline 45s)
19:50:44   ... A=54.3 C=74.8 interp=2
19:50:51 leg  9/40: A  -0.28 C  +40.76 F304 (deadline 42s)
19:51:07   ... A=3.4 C=43.0 interp=2
19:51:14 leg 10/40: A -31.90 C  -68.85 F428 (deadline 47s)
19:51:31   ... A=-27.0 C=-51.9 interp=2
19:51:41 leg 11/40: A -56.36 C  +31.39 F232 (deadline 55s)
19:51:58   ... A=-45.8 C=-11.8 interp=2
19:52:13   ... A=-56.4 C=31.4 interp=2
19:52:16 leg 12/40: A +38.15 C +131.35 F406 (deadline 47s)
19:52:32   ... A=6.7 C=98.1 interp=2
19:52:45 leg 13/40: A +43.94 C  -22.05 F204 (deadline 73s)
