17:37:23 a=0.1   F=150  -> pid_track_20260806-173720.ndjson
17:40:20 a=0.1   F=150  done (2 legs)
17:40:30 a=0.1   F=300  -> pid_track_20260806-174027.ndjson
17:43:27 a=0.1   F=300  done (2 legs)
17:43:38 a=0.1   F=450  -> pid_track_20260806-174335.ndjson
17:46:35 a=0.1   F=450  done (2 legs)
17:46:45 a=0.1   F=600  -> pid_track_20260806-174642.ndjson
17:49:42 a=0.1   F=600  done (2 legs)
17:49:52 a=0.25  F=150  -> pid_track_20260806-174950.ndjson
17:51:47 a=0.25  F=150  done (2 legs)
17:51:57 a=0.25  F=300  -> pid_track_20260806-175154.ndjson
17:53:51 a=0.25  F=300  done (2 legs)
17:54:01 a=0.25  F=450  -> pid_track_20260806-175359.ndjson
17:55:55 a=0.25  F=450  done (2 legs)
17:56:06 a=0.25  F=600  -> pid_track_20260806-175603.ndjson
17:58:00 a=0.25  F=600  done (2 legs)
17:58:10 a=0.5   F=150  -> pid_track_20260806-175807.ndjson
17:59:49 a=0.5   F=150  done (2 legs)
18:00:00 a=0.5   F=300  -> pid_track_20260806-175957.ndjson
18:01:18 a=0.5   F=300  done (2 legs)
18:01:28 a=0.5   F=450  -> pid_track_20260806-180125.ndjson
18:02:46 a=0.5   F=450  done (2 legs)
18:02:56 a=0.5   F=600  -> pid_track_20260806-180254.ndjson
18:04:14 a=0.5   F=600  done (2 legs)
18:04:25 a=1.0   F=150  -> pid_track_20260806-180422.ndjson
18:05:49 a=1.0   F=150  done (2 legs)
18:05:59 a=1.0   F=300  -> pid_track_20260806-180557.ndjson
18:07:02 a=1.0   F=300  done (2 legs)
18:07:13 a=1.0   F=450  -> pid_track_20260806-180710.ndjson
18:08:13 a=1.0   F=450  done (2 legs)
18:08:23 a=1.0   F=600  -> pid_track_20260806-180820.ndjson
18:09:23 a=1.0   F=600  done (2 legs)
18:09:27 GRID COMPLETE -- pins back at 3
