14:01:16 ==== bias descent v2 start ====
14:01:16 x: Igain 0 (was 5), Pgain=16.7 -- settling
14:01:23 x it1: ferror=0.008333 need=0.13916 bias 0.853 -> 0.85726
14:01:28 x it2: ferror=0.005000 need=0.08350 bias 0.85726 -> 0.86155
14:01:32 x it3: ferror=0.005000 need=0.08350 bias 0.86155 -> 0.86586
14:01:36 x it4: ferror=0.010000 need=0.16700 bias 0.86586 -> 0.87019
14:01:41 x it5: ferror=0.010000 need=0.16700 bias 0.87019 -> 0.87454
14:01:45 x it6: ferror=0.003333 need=0.05566 bias 0.87454 -> 0.87891
14:01:49 x it7: ferror=-0.001667 need=-0.02784 bias 0.87891 -> 0.87452
14:01:54 x it8: ferror=-0.010000 need=-0.16700 bias 0.87452 -> 0.87015
14:01:58 x it9: ferror=-0.010000 need=-0.16700 bias 0.87015 -> 0.86580
14:02:02 x it10: ferror=-0.011667 need=-0.19484 bias 0.8658 -> 0.86147
14:02:07 x it11: ferror=-0.010000 need=-0.16700 bias 0.86147 -> 0.85716
14:02:11 x it12: ferror=-0.006667 need=-0.11134 bias 0.85716 -> 0.85287
14:02:15 x it13: ferror=0.010000 need=0.16700 bias 0.85287 -> 0.85713
14:02:20 x it14: ferror=0.000000 need=0.00000 CONVERGED (bias=0.85713)
14:02:20 x: Igain restored (5)
14:02:23 y: Igain 0 (was 5), Pgain=16.7 -- settling
14:02:30 y it1: ferror=0.013333 need=0.22266 bias 0.981 -> 0.98590
14:02:34 y it2: ferror=0.014667 need=0.24494 bias 0.9859 -> 0.99083
14:02:38 y it3: ferror=0.009333 need=0.15586 bias 0.99083 -> 0.99578
14:02:43 y it4: ferror=0.012000 need=0.20040 bias 0.99578 -> 1.00076
14:02:47 y it5: ferror=0.012000 need=0.20040 bias 1.00076 -> 1.00576
14:02:51 y it6: ferror=-0.014667 need=-0.24494 bias 1.00576 -> 1.00073
14:02:56 y it7: ferror=-0.014667 need=-0.24494 bias 1.00073 -> 0.99573
14:03:00 y it8: ferror=-0.013333 need=-0.22266 bias 0.99573 -> 0.99075
14:03:04 y it9: ferror=-0.014667 need=-0.24494 bias 0.99075 -> 0.98580
14:03:08 y it10: ferror=0.013333 need=0.22266 bias 0.9858 -> 0.99073
14:03:13 y it11: ferror=0.006667 need=0.11134 bias 0.99073 -> 0.99568
14:03:17 y it12: ferror=0.009333 need=0.15586 bias 0.99568 -> 1.00066
14:03:21 y it13: ferror=0.013333 need=0.22266 bias 1.00066 -> 1.00566
14:03:26 y it14: ferror=0.010667 need=0.17814 bias 1.00566 -> 1.01069
14:03:30 y it15: ferror=0.002667 need=0.04454 bias 1.01069 -> 1.01574
14:03:34 y it16: ferror=0.016000 need=0.26720 bias 1.01574 -> 1.02082
14:03:38 y it17: ferror=0.004000 need=0.06680 bias 1.02082 -> 1.02592
14:03:43 y it18: ferror=-0.016000 need=-0.26720 bias 1.02592 -> 1.02079
14:03:47 y it19: ferror=-0.016000 need=-0.26720 bias 1.02079 -> 1.01569
14:03:51 y it20: ferror=-0.016000 need=-0.26720 bias 1.01569 -> 1.01061
14:03:55 y it21: ferror=-0.017333 need=-0.28946 bias 1.01061 -> 1.00556
14:04:00 y it22: ferror=-0.001333 need=-0.02226 bias 1.00556 -> 1.00053
14:04:04 y it23: ferror=0.005333 need=0.08906 bias 1.00053 -> 1.00553
14:04:08 y it24: ferror=-0.013333 need=-0.22266 bias 1.00553 -> 1.00050
14:04:12 y it25: ferror=0.001333 need=0.02226 bias 1.0005 -> 1.00550
14:04:17 y it26: ferror=0.004000 need=0.06680 bias 1.0055 -> 1.01053
14:04:21 y it27: ferror=-0.000000 need=-0.00000 CONVERGED (bias=1.01053)
14:04:21 y: Igain restored (5)
14:04:24 z: Igain 0 (was 5), Pgain=16.7 -- settling
14:04:31 z it1: ferror=0.012817 need=0.21404 bias 0.426 -> 0.42813
14:04:35 z it2: ferror=0.010277 need=0.17163 bias 0.42813 -> 0.43027
14:04:40 z it3: ferror=-0.004116 need=-0.06874 bias 0.43027 -> 0.42812
14:04:44 z it4: ferror=-0.012583 need=-0.21014 bias 0.42812 -> 0.42598
14:04:48 z it5: ferror=-0.011736 need=-0.19599 bias 0.42598 -> 0.42385
14:04:52 z it6: ferror=0.008161 need=0.13629 bias 0.42385 -> 0.42597
14:04:57 z it7: ferror=0.008161 need=0.13629 bias 0.42597 -> 0.42810
14:05:01 z it8: ferror=0.010277 need=0.17163 bias 0.4281 -> 0.43024
14:05:05 z it9: ferror=0.012817 need=0.21404 bias 0.43024 -> 0.43239
14:05:09 z it10: ferror=0.013241 need=0.22112 bias 0.43239 -> 0.43455
14:05:14 z it11: ferror=0.011971 need=0.19992 bias 0.43455 -> 0.43672
14:05:18 z it12: ferror=0.002234 need=0.03731 bias 0.43672 -> 0.43890
14:05:22 z it13: ferror=-0.007926 need=-0.13236 bias 0.4389 -> 0.43671
14:05:26 z it14: ferror=-0.012159 need=-0.20306 bias 0.43671 -> 0.43453
14:05:31 z it15: ferror=-0.012583 need=-0.21014 bias 0.43453 -> 0.43236
14:05:35 z it16: ferror=-0.012583 need=-0.21014 bias 0.43236 -> 0.43020
14:05:39 z it17: ferror=-0.012159 need=-0.20306 bias 0.4302 -> 0.42805
14:05:44 z it18: ferror=-0.005386 need=-0.08995 bias 0.42805 -> 0.42591
14:05:48 z it19: ferror=0.011124 need=0.18577 bias 0.42591 -> 0.42804
14:05:52 z it20: ferror=0.009431 need=0.15750 bias 0.42804 -> 0.43018
14:05:56 z it21: ferror=0.012394 need=0.20698 bias 0.43018 -> 0.43233
14:06:01 z it22: ferror=0.013241 need=0.22112 bias 0.43233 -> 0.43449
14:06:05 z it23: ferror=0.012394 need=0.20698 bias 0.43449 -> 0.43666
14:06:09 z it24: ferror=-0.000306 need=-0.00511 CONVERGED (bias=0.43666)
14:06:09 z: Igain restored (5)
14:06:12 w: Igain 0 (was 5), Pgain=16.7 -- settling
14:06:19 w it1: ferror=-0.009000 need=-0.15030 bias 0.715 -> 0.71142
14:06:24 w it2: ferror=-0.012333 need=-0.20596 bias 0.71142 -> 0.70786
14:06:28 w it3: ferror=-0.014000 need=-0.23380 bias 0.70786 -> 0.70432
14:06:32 w it4: ferror=-0.009000 need=-0.15030 bias 0.70432 -> 0.70080
14:06:36 w it5: ferror=0.012667 need=0.21154 bias 0.7008 -> 0.70430
14:06:41 w it6: ferror=0.011000 need=0.18370 bias 0.7043 -> 0.70782
14:06:45 w it7: ferror=0.007667 need=0.12804 bias 0.70782 -> 0.71136
14:06:49 w it8: ferror=0.011000 need=0.18370 bias 0.71136 -> 0.71492
14:06:53 w it9: ferror=0.012667 need=0.21154 bias 0.71492 -> 0.71849
14:06:58 w it10: ferror=0.012667 need=0.21154 bias 0.71849 -> 0.72208
14:07:02 w it11: ferror=0.001000 need=0.01670 CONVERGED (bias=0.72208)
14:07:02 w: Igain restored (5)
14:07:05 ---- settle 30 s, final wiggle ----
14:07:35 FINAL x: bias=0.85713 span=0.0350mm
14:07:35 FINAL y: bias=1.01053 span=0.0400mm
14:07:35 FINAL z: bias=0.43666 span=0.0267mm
14:07:35 FINAL w: bias=0.72208 span=0.0350mm
14:07:35 ==== v2 done ====
