14:35:55 ==== standstill phase start ====
14:36:25 x baseline: bias=0.85700 p95=2.00 cts mean=+0.16 cts max=4.00 cts
14:36:59 x it1: bias=0.85850 p95=1.00 mean=-1.01 max=2.00
14:37:33 x it2: bias=0.85700 p95=1.00 mean=-1.00 max=1.00
14:38:07 x it3: bias=0.85550 p95=1.00 mean=-1.00 max=1.00
14:38:41 x it4: bias=0.85400 p95=1.00 mean=-1.00 max=1.00
14:39:15 x it5: bias=0.85250 p95=1.00 mean=-1.00 max=1.00
14:39:50 x it6: bias=0.85100 p95=1.00 mean=-1.00 max=1.00
14:40:24 x it7: bias=0.84950 p95=1.00 mean=-1.00 max=1.00
14:40:58 x it8: bias=0.84800 p95=1.00 mean=-1.00 max=1.00
14:54:37 ==== standstill phase start ====
14:55:07 x baseline: bias=0.85850 p95=3.00 cts mean=+0.19 cts max=4.00 cts
14:55:41 x it1: bias=0.86000 p95=2.00 mean=-0.72 max=4.00
14:56:15 x it2: bias=0.85850 p95=3.00 mean=-0.02 max=6.00
14:56:49 x it3: bias=0.85700 p95=3.00 mean=-0.30 max=4.00
14:57:23 x it4: bias=0.85550 p95=2.00 mean=-0.51 max=6.00
14:57:57 x it5: bias=0.85400 p95=3.00 mean=+0.11 max=6.00
14:58:31 x it6: bias=0.85550 p95=3.00 mean=-0.69 max=4.00
14:59:05 x it7: bias=0.85400 p95=3.00 mean=-0.15 max=6.00
14:59:39 x it8: bias=0.85250 p95=2.00 mean=-0.66 max=4.00
14:59:39 x: restored best bias 0.86000 (p95=2.00 cts)
15:00:09 y baseline: bias=1.01100 p95=3.20 cts mean=-0.42 cts max=7.20 cts
15:00:43 y it1: bias=1.00950 p95=3.20 mean=+0.08 max=7.20
15:01:17 y it2: bias=1.01100 p95=3.20 mean=-0.52 max=4.00
15:01:51 y it3: bias=1.00950 p95=2.40 mean=-0.04 max=7.20
15:02:25 y it4: bias=1.00800 p95=3.20 mean=-0.03 max=4.80
15:02:59 y it5: bias=1.00650 p95=3.20 mean=-0.21 max=7.20
15:03:34 y it6: bias=1.00500 p95=2.40 mean=-0.05 max=7.20
15:04:08 y it7: bias=1.00350 p95=3.20 mean=-0.18 max=4.80
15:04:42 y it8: bias=1.00200 p95=3.20 mean=-0.14 max=7.20
15:04:42 y: restored best bias 1.00950 (p95=2.40 cts)
15:05:12 z baseline: bias=0.43700 p95=6.81 cts mean=-1.05 cts max=10.19 cts
15:05:46 z it1: bias=0.43550 p95=7.19 mean=-0.35 max=13.81
15:06:20 z it2: bias=0.43400 p95=7.19 mean=-1.13 max=12.81
15:06:54 z it3: bias=0.43250 p95=6.81 mean=-1.78 max=10.19
15:07:28 z it4: bias=0.43100 p95=7.19 mean=-1.36 max=12.81
15:08:02 z it5: bias=0.42950 p95=7.81 mean=-0.53 max=11.81
15:08:36 z it6: bias=0.42800 p95=6.81 mean=-1.21 max=11.19
15:09:10 z it7: bias=0.42650 p95=7.19 mean=-0.86 max=12.81
15:09:44 z it8: bias=0.42500 p95=6.81 mean=-0.70 max=11.19
15:09:44 z: restored best bias 0.43700 (p95=6.81 cts)
15:10:14 w baseline: bias=0.72200 p95=3.00 cts mean=-0.20 cts max=6.00 cts
15:10:48 w it1: bias=0.72050 p95=3.00 mean=-0.25 max=7.00
15:11:22 w it2: bias=0.71900 p95=3.00 mean=-0.50 max=5.00
15:11:56 w it3: bias=0.71750 p95=3.00 mean=-0.33 max=7.00
15:12:30 w it4: bias=0.71600 p95=3.00 mean=-0.30 max=5.00
15:13:04 w it5: bias=0.71450 p95=3.00 mean=-0.55 max=5.00
15:13:38 w it6: bias=0.71300 p95=3.00 mean=-0.50 max=7.00
15:14:12 w it7: bias=0.71150 p95=3.00 mean=-0.53 max=4.00
15:14:46 w it8: bias=0.71000 p95=3.00 mean=-0.28 max=7.00
15:14:46 w: restored best bias 0.72200 (p95=3.00 cts)
15:14:46 ---- standstill summary ----
15:14:46 RESULT x: bias=0.86000 p95=2.00 counts
15:14:46 RESULT y: bias=1.00950 p95=2.40 counts
15:14:46 RESULT z: bias=0.43700 p95=6.81 counts
15:14:46 RESULT w: bias=0.72200 p95=3.00 counts
15:14:46 ==== standstill phase done ====
