14:43:34 ==== dynamic FF1 phase start ====
14:43:51 X it1: x: cruise 1.78/1.52 cts stop 5.00 cts dFF1need -0.0413 FF1->0.99500 w: cruise 2.18/1.83 cts stop 5.20 cts dFF1need -0.0502 FF1->0.99500
14:44:04 X it2: x: cruise 0.23/0.41 cts stop 2.00 cts dFF1need +0.0081 FF1->0.99997 w: cruise 1.05/0.54 cts stop 3.00 cts dFF1need -0.0199 FF1->0.99003
14:44:17 X it3: x: cruise 0.06/1.02 cts stop 3.00 cts dFF1need -0.0121 FF1->0.99498 w: cruise 0.08/1.07 cts stop 2.80 cts dFF1need -0.0125 FF1->0.98507
14:44:29 X it4: x: cruise 0.27/1.83 cts stop 5.00 cts dFF1need +0.0195 FF1->0.99995 w: cruise 0.68/1.65 cts stop 6.00 cts dFF1need +0.0292 FF1->0.99000
14:44:42 X it5: x: cruise 0.74/0.11 cts stop 3.00 cts dFF1need +0.0079 FF1->1.00495 w: cruise 0.67/0.42 cts stop 2.80 cts dFF1need +0.0031 FF1->0.99306
14:44:55 X it6: x: cruise 0.32/1.28 cts stop 4.00 cts dFF1need +0.0200 FF1->1.00997 w: cruise 0.18/1.50 cts stop 4.00 cts dFF1need +0.0210 FF1->0.99802
14:45:08 X it7: x: cruise 1.47/0.81 cts stop 3.00 cts dFF1need +0.0082 FF1->1.01502 w: cruise 1.53/1.10 cts stop 2.80 cts dFF1need +0.0054 FF1->1.00301
14:45:21 X it8: x: cruise 1.27/1.05 cts stop 3.00 cts dFF1need -0.0028 FF1->1.01218 w: cruise 1.18/1.33 cts stop 3.00 cts dFF1need +0.0019
14:45:34 X it9: x: cruise 0.11/1.24 cts stop 3.00 cts dFF1need -0.0141 FF1->1.00712 w: cruise 0.30/1.32 cts stop 2.80 cts dFF1need -0.0203 FF1->0.99800
14:45:47 X it10: x: cruise 0.97/0.76 cts stop 3.00 cts dFF1need -0.0027 FF1->1.00445 w: cruise 1.14/0.63 cts stop 3.20 cts dFF1need -0.0065 FF1->0.99301
14:45:59 X it11: x: cruise 0.98/0.38 cts stop 3.00 cts dFF1need +0.0076 FF1->1.00947 w: cruise 0.90/0.50 cts stop 2.00 cts dFF1need +0.0051 FF1->0.99797
14:46:12 X it12: x: cruise 1.22/0.25 cts stop 3.00 cts dFF1need -0.0121 FF1->1.00442 w: cruise 1.08/0.49 cts stop 4.20 cts dFF1need -0.0074 FF1->0.99298
14:46:25 X it13: x: cruise 0.31/1.04 cts stop 3.00 cts dFF1need -0.0092 FF1->0.99940 w: cruise 0.88/0.67 cts stop 2.00 cts dFF1need +0.0025 FF1->0.99551
14:46:38 X it14: x: cruise 0.26/0.31 cts stop 4.00 cts dFF1need +0.0006 w: cruise 0.90/0.45 cts stop 4.20 cts dFF1need -0.0170 FF1->0.99053
14:46:51 X it15: x: cruise 0.68/0.26 cts stop 2.00 cts dFF1need +0.0117 FF1->1.00439 w: cruise 0.46/0.51 cts stop 2.20 cts dFF1need -0.0007
14:47:07 Y it1: y: cruise 0.99/1.49 cts stop 4.00 cts dFF1need -0.0310 FF1->0.99500
14:47:20 Y it2: y: cruise 1.31/0.75 cts stop 4.00 cts dFF1need +0.0258 FF1->0.99997
14:47:33 Y it3: y: cruise 1.40/1.53 cts stop 4.00 cts dFF1need -0.0367 FF1->0.99498
14:47:46 Y it4: y: cruise 1.17/1.28 cts stop 2.40 cts dFF1need +0.0306 FF1->0.99995
14:47:59 Y it5: y: cruise 0.98/1.44 cts stop 4.00 cts dFF1need -0.0304 FF1->0.99495
14:48:12 Y it6: y: cruise 1.23/0.79 cts stop 4.00 cts dFF1need +0.0253 FF1->0.99992
14:48:24 Y it7: y: cruise 1.08/1.59 cts stop 7.20 cts dFF1need -0.0335 FF1->0.99493
14:48:37 Y it8: y: cruise 0.95/0.99 cts stop 2.40 cts dFF1need +0.0243 FF1->0.99990
14:48:50 Y it9: y: cruise 0.85/0.99 cts stop 7.20 cts dFF1need -0.0230 FF1->0.99490
14:49:03 Y it10: y: cruise 1.50/0.93 cts stop 3.20 cts dFF1need +0.0305 FF1->0.99987
14:49:16 Y it11: y: cruise 0.13/0.53 cts stop 4.80 cts dFF1need -0.0049 FF1->0.99494
14:49:29 Y it12: y: cruise 1.43/1.44 cts stop 2.40 cts dFF1need +0.0359 FF1->0.99991
14:49:42 Y it13: y: cruise 0.98/0.68 cts stop 4.80 cts dFF1need +0.0209 FF1->1.00491
14:49:54 Y it14: y: cruise 1.59/0.51 cts stop 3.20 cts dFF1need +0.0263 FF1->1.00994
14:50:07 Y it15: y: cruise 0.85/1.74 cts stop 4.80 cts dFF1need +0.0324 FF1->1.01499
14:50:24 Z it1: z: cruise 4.56/5.14 cts stop 12.86 cts dFF1need -0.0309 FF1->0.99500
14:50:37 Z it2: z: cruise 4.46/0.32 cts stop 15.86 cts dFF1need -0.0132 FF1->0.99003
14:50:49 Z it3: z: cruise 3.46/0.21 cts stop 12.81 cts dFF1need +0.0103 FF1->0.99498
14:51:02 Z it4: z: cruise 3.40/1.66 cts stop 16.81 cts dFF1need -0.0055 FF1->0.99000
14:51:15 Z it5: z: cruise 4.53/0.53 cts stop 8.81 cts dFF1need +0.0161 FF1->0.99495
14:51:28 Z it6: z: cruise 3.76/2.17 cts stop 8.19 cts dFF1need -0.0051 FF1->0.98998
14:51:41 Z it7: z: cruise 4.97/1.34 cts stop 7.81 cts dFF1need +0.0201 FF1->0.99492
14:51:54 Z it8: z: cruise 2.23/0.97 cts stop 10.86 cts dFF1need +0.0102 FF1->0.99990
14:52:07 Z it9: z: cruise 1.86/5.03 cts stop 11.81 cts dFF1need -0.0101 FF1->0.99490
14:52:19 Z it10: z: cruise 4.41/3.72 cts stop 12.86 cts dFF1need -0.0259 FF1->0.98993
14:52:32 Z it11: z: cruise 1.77/4.15 cts stop 13.81 cts dFF1need -0.0188 FF1->0.98498
14:52:45 Z it12: z: cruise 4.24/3.16 cts stop 10.81 cts dFF1need +0.0235 FF1->0.98990
14:52:58 Z it13: z: cruise 3.78/5.00 cts stop 12.81 cts dFF1need -0.0279 FF1->0.98495
14:53:11 Z it14: z: cruise 4.40/4.22 cts stop 9.81 cts dFF1need +0.0274 FF1->0.98988
14:53:24 Z it15: z: cruise 1.94/3.52 cts stop 17.86 cts dFF1need -0.0174 FF1->0.98493
14:53:24 ==== dynamic FF1 phase done ====
