16:31:56 ==== D-term session start ====
16:32:59 x entry: metric=3.00 (rest 3.00 stop 2.00) D=0
16:32:59 w entry: metric=3.00 (rest 3.00 stop 2.80) D=0
16:34:03 X it1: x D=0.00020 metric=3.00(r3.00/s2.00) w D=0.00020 metric=3.00(r3.00/s2.80)
16:35:08 X it2: x D=0.00030 metric=3.00(r3.00/s2.00) w D=0.00030 metric=3.00(r3.00/s2.00)
16:36:13 X it3: x D=0.00045 metric=3.00(r3.00/s3.00) w D=0.00045 metric=3.00(r3.00/s2.80)
16:37:18 X it4: x D=0.00068 metric=3.00(r3.00/s3.00) w D=0.00068 metric=4.00(r4.00/s3.00)
16:38:23 X it5: x D=0.00101 metric=3.00(r3.00/s2.00) w D=0.00101 metric=4.00(r4.00/s1.80)
16:39:28 X it6: x D=0.00152 metric=3.00(r3.00/s3.00) w D=0.00152 metric=3.00(r3.00/s2.80)
16:40:33 X it7: x D=0.00228 metric=3.00(r3.00/s3.00) w D=0.00228 metric=3.00(r3.00/s3.00)
16:41:38 X it8: x D=0.00342 metric=3.00(r3.00/s2.00) w D=0.00342 metric=3.00(r3.00/s2.00)
16:42:43 X it9: x D=0.00513 metric=3.00(r3.00/s2.00) w D=0.00513 metric=3.00(r3.00/s2.00)
16:43:48 X it10: x D=0.00769 metric=3.00(r3.00/s3.00) ceiling w D=0.00769 metric=3.00(r3.00/s3.00) ceiling
16:43:48 RESULT x: D=0.00000 metric=3.00 counts (entry 3.00)
16:43:48 RESULT w: D=0.00000 metric=3.00 counts (entry 3.00)
16:44:25 y entry: metric=3.20 (rest 3.20 stop 1.60) D=0
16:45:05 Y it1: y D=0.00020 metric=4.00(r3.20/s4.00)
16:45:45 Y it2: y D=0.00030 metric=3.20(r3.20/s1.60)
16:46:25 Y it3: y D=0.00045 metric=3.20(r3.20/s1.60)
16:47:05 Y it4: y D=0.00068 metric=3.20(r3.20/s3.20)
16:47:45 Y it5: y D=0.00101 metric=3.20(r3.20/s1.60)
16:48:25 Y it6: y D=0.00152 metric=3.20(r3.20/s1.60)
16:49:05 Y it7: y D=0.00228 metric=3.20(r3.20/s2.40)
16:49:45 Y it8: y D=0.00342 metric=3.20(r3.20/s2.40)
16:50:25 Y it9: y D=0.00513 metric=3.20(r3.20/s2.40)
16:51:04 Y it10: y D=0.00769 metric=3.20(r3.20/s2.40) ceiling
16:51:04 RESULT y: D=0.00000 metric=3.20 counts (entry 3.20)
16:51:42 z entry: metric=7.19 (rest 7.19 stop 4.86) D=0
16:52:22 Z it1: z D=0.00020 metric=8.86(r7.19/s8.86)
16:53:02 Z it2: z D=0.00030 metric=8.19(r8.19/s7.19)
16:53:42 Z it3: z D=0.00045 metric=8.19(r8.19/s5.86)
16:54:22 Z it4: z D=0.00068 metric=8.19(r8.19/s7.86)
16:55:02 Z it5: z D=0.00101 metric=7.81(r7.81/s7.19)
16:55:42 Z it6: z D=0.00152 metric=7.19(r7.19/s4.86)
16:56:22 Z it7: z D=0.00228 metric=8.86(r7.19/s8.86)
16:57:01 Z it8: z D=0.00342 metric=8.19(r8.19/s8.19)
16:57:41 Z it9: z D=0.00513 metric=8.19(r8.19/s5.86)
16:58:21 Z it10: z D=0.00769 metric=8.19(r8.19/s6.86) ceiling
16:58:21 RESULT z: D=0.00000 metric=7.19 counts (entry 7.19)
16:58:21 ==== D-term session done ====
