15:15:11 ==== stop-overshoot I-descent start ====
15:15:24 X baseline: x stop_p95=3.00 cts I=5.000  w stop_p95=2.80 cts I=5.000
15:15:37 X it1: x stop_p95=2.00 cts I=4.975 w stop_p95=2.00 cts I=4.975
15:15:50 X it2: x stop_p95=3.00 cts I=4.950 w stop_p95=3.80 cts I=4.950
15:16:03 X it3: x stop_p95=2.00 cts I=4.925 w stop_p95=2.00 cts I=4.925
15:16:16 X it4: x stop_p95=2.00 cts I=4.925 w stop_p95=2.20 cts I=4.901
15:16:28 X it5: x stop_p95=2.00 cts I=4.925 w stop_p95=2.00 cts I=4.876
15:16:41 X it6: x stop_p95=2.00 cts I=4.925 w stop_p95=2.20 cts I=4.852
15:16:54 X it7: x stop_p95=2.00 cts I=4.925 w stop_p95=1.80 cts I=4.828
15:16:54 X: all at goal or at floor
15:16:54 RESULT x: Igain=4.925 stop_p95=2.00 counts
15:16:54 RESULT w: Igain=4.828 stop_p95=1.80 counts
15:17:07 Y baseline: y stop_p95=4.80 cts I=5.000
15:17:20 Y it1: y stop_p95=1.60 cts I=4.975
15:17:20 Y: all at goal or at floor
15:17:20 RESULT y: Igain=4.975 stop_p95=1.60 counts
15:17:33 Z baseline: z stop_p95=11.86 cts I=5.000
15:17:46 Z it1: z stop_p95=5.81 cts I=4.975
15:17:58 Z it2: z stop_p95=9.86 cts I=4.950
15:18:11 Z it3: z stop_p95=5.81 cts I=4.925
15:18:24 Z it4: z stop_p95=6.86 cts I=4.901
15:18:37 Z it5: z stop_p95=4.86 cts I=4.876
15:18:50 Z it6: z stop_p95=6.19 cts I=4.852
15:19:03 Z it7: z stop_p95=4.86 cts I=4.828
15:19:16 Z it8: z stop_p95=7.19 cts I=4.803
15:19:29 Z it9: z stop_p95=4.86 cts I=4.779
15:19:41 Z it10: z stop_p95=7.19 cts I=4.756
15:19:41 Z: no improvement for 5 rounds, stopping
15:19:41 RESULT z: Igain=4.876 stop_p95=4.86 counts
15:19:41 ==== stop-overshoot phase done ====
