15:43:27 ==== P descent (rest tails) start ====
15:44:02 x entry: P=16.700 rest_p99=3.00 stop_p95=2.00
15:44:27 w entry: P=16.700 rest_p99=4.00 stop_p95=3.00
15:45:21 X it1: x P=16.616 rest=3.00 w P=16.616 rest=4.00
15:46:14 X it2: x P=16.533 rest=3.00 w P=16.533 rest=4.00
15:47:07 X it3: x P=16.451 rest=3.00 w P=16.451 rest=4.00
15:48:00 X it4: x P=16.369 rest=3.00 w P=16.369 rest=4.00
15:48:53 X it5: x P=16.287 rest=3.00 w P=16.287 rest=4.00
15:49:46 X it6: x P=16.205 rest=3.00 w P=16.205 rest=4.00
15:49:59 RESULT x: P=16.700 rest_p99=3.00 stop_p95=2.00
15:49:59 RESULT w: P=16.700 rest_p99=4.00 stop_p95=2.80
15:50:34 y entry: P=16.700 rest_p99=3.20 stop_p95=2.40
15:51:02 Y it1: y P=16.616 rest=4.00
15:51:30 Y it2: y P=16.533 rest=4.00
15:51:58 Y it3: y P=16.451 rest=3.20
15:52:26 Y it4: y P=16.369 rest=4.00
15:52:54 Y it5: y P=16.287 rest=3.20
15:53:22 Y it6: y P=16.205 rest=4.00
15:53:35 RESULT y: P=16.700 rest_p99=3.20 stop_p95=1.60
15:54:10 z entry: P=16.700 rest_p99=8.19 stop_p95=10.81
15:54:38 Z it1: z P=16.616 rest=8.19
15:55:06 Z it2: z P=16.533 rest=8.19
15:55:34 Z it3: z P=16.451 rest=8.19
15:56:02 Z it4: z P=16.369 rest=8.19
15:56:30 Z it5: z P=16.287 rest=8.19
15:56:58 Z it6: z P=16.205 rest=8.19
15:57:11 RESULT z: P=16.700 rest_p99=8.19 stop_p95=5.86
15:57:11 ==== P descent done ====
