17:01:47 ==== P-ascent start ====
17:02:44 x entry: P=16.70 metric=3.00 (rest 3.00 stop 3.00)
17:02:44 w entry: P=16.70 metric=3.00 (rest 3.00 stop 2.80)
17:03:43 X rnd1: x P=17.21 metric=3.00(r3.00/s2.00) w P=17.21 metric=3.00(r3.00/s3.00)
17:04:42 X rnd2: x P=17.73 metric=3.00(r3.00/s2.00) w P=17.73 metric=3.00(r3.00/s2.80)
17:05:41 X rnd3: x P=18.27 metric=3.00(r2.00/s3.00) w P=18.27 metric=3.00(r3.00/s3.00)
17:06:40 X rnd4: x P=18.82 metric=3.00(r3.00/s2.00) stalled w P=18.82 metric=3.00(r3.00/s2.80) stalled
17:06:40 RESULT x: P=16.70 metric=3.00 counts (entry P=16.70 m=3.00)
17:06:40 RESULT w: P=16.70 metric=3.00 counts (entry P=16.70 m=3.00)
17:07:15 y entry: P=16.70 metric=3.20 (rest 3.20 stop 1.60)
17:07:51 Y rnd1: y P=17.21 metric=3.20(r3.20/s2.40)
17:08:28 Y rnd2: y P=17.73 metric=3.20(r3.20/s2.40)
17:09:05 Y rnd3: y P=18.27 metric=3.20(r3.20/s1.60)
17:09:42 Y rnd4: y P=18.82 metric=3.20(r3.20/s3.20) stalled
17:09:42 RESULT y: P=16.70 metric=3.20 counts (entry P=16.70 m=3.20)
17:10:17 z entry: P=16.70 metric=7.81 (rest 7.81 stop 5.14)
17:10:54 Z rnd1: z P=17.21 metric=7.19(r7.19/s6.19)
17:11:31 Z rnd2: z P=17.73 metric=7.19(r7.19/s4.86)
17:12:08 Z rnd3: z P=18.27 metric=7.19(r7.19/s5.86)
17:12:45 Z rnd4: z P=18.82 metric=7.19(r7.19/s5.86)
17:13:22 Z rnd5: z P=19.40 metric=8.86(r7.19/s8.86) stalled
17:13:22 RESULT z: P=17.21 metric=7.19 counts (entry P=16.70 m=7.81)
17:13:22 ==== P-ascent done ====
