15:26:00 ==== rest-tail deadband ascent ====
15:26:00 pid.x.FF1 reverted to 1.000
15:26:25 x baseline: db=0.00500 rest_p99=3.00 max=5.00 cts
15:26:53 x it1: db=0.00525 rest_p99=4.00 max=5.00
15:27:21 x it2: db=0.00551 rest_p99=3.00 max=4.00
15:27:49 x it3: db=0.00579 rest_p99=4.00 max=5.00
15:28:17 x it4: db=0.00608 rest_p99=3.00 max=5.00
15:28:17 x: stalled 4 rounds
15:28:17 RESULT x: deadband=0.00500 rest_p99=3.00 cts
15:28:42 y baseline: db=0.00500 rest_p99=4.00 max=5.60 cts
15:29:10 y it1: db=0.00525 rest_p99=4.00 max=5.60
15:29:38 y it2: db=0.00551 rest_p99=4.00 max=5.60
15:30:06 y it3: db=0.00579 rest_p99=4.00 max=5.60
15:30:34 y it4: db=0.00608 rest_p99=4.00 max=6.40
15:30:34 y: stalled 4 rounds
15:30:34 RESULT y: deadband=0.00500 rest_p99=4.00 cts
15:30:59 z baseline: db=0.00500 rest_p99=8.14 max=10.86 cts
15:30:59 z: at ceiling
15:30:59 RESULT z: deadband=0.00500 rest_p99=8.14 cts
15:31:25 w baseline: db=0.00500 rest_p99=4.20 max=5.80 cts
15:31:53 w it1: db=0.00525 rest_p99=4.20 max=5.20
15:32:21 w it2: db=0.00551 rest_p99=4.20 max=5.80
15:32:49 w it3: db=0.00579 rest_p99=4.20 max=5.20
15:33:17 w it4: db=0.00608 rest_p99=4.20 max=5.80
15:33:17 w: stalled 4 rounds
15:33:17 RESULT w: deadband=0.00500 rest_p99=4.20 cts
15:33:17 ==== rest-tail phase done ====
