dro2: screen 1 1920x1080 at 1920,0  axes XYZAC
qt.qpa.theme.gnome: dbus reply error: [ "org.freedesktop.DBus.Error.ServiceUnknown" ] "The name org.freedesktop.portal.Desktop was not provided by any .service files"
qt.qpa.theme.gnome: dbus reply error: [ "org.freedesktop.DBus.Error.ServiceUnknown" ] "The name org.freedesktop.portal.Desktop was not provided by any .service files"
dro2: tick 1 alive
dro2: commandable axes ['X', 'Y', 'Z', 'A', 'C'] -> ['X', 'Y', 'Z']
dro2: tick 250 alive
dro2: tick 500 alive
dro2: tick 750 alive
dro2: tick 1000 alive
dro2: tick 1250 alive
dro2: tick 1500 alive
dro2: tick 1750 alive
dro2: tick 2000 alive
dro2: tick 2250 alive
dro2: tick 2500 alive
dro2: tick 2750 alive
dro2: tick 3000 alive
dro2: tick 3250 alive
dro2: tick 3500 alive
dro2: tick 3750 alive
dro2: tick 4000 alive
dro2: tick 4250 alive
dro2: tick 4500 alive
dro2: tick 4750 alive
dro2: tick 5000 alive
dro2: tick 5250 alive
dro2: tick 5500 alive
dro2: tick 5750 alive
dro2: tick 6000 alive
dro2: tick 6250 alive
dro2: tick 6500 alive
dro2: tick 6750 alive
dro2: tick 7000 alive
dro2: tick 7250 alive
dro2: tick 7500 alive
dro2: tick 7750 alive
dro2: tick 8000 alive
dro2: tick 8250 alive
dro2: tick 8500 alive
dro2: tick 8750 alive
dro2: tick 9000 alive
dro2: tick 9250 alive
dro2: tick 9500 alive
dro2: tick 9750 alive
dro2: tick 10000 alive
dro2: tick 10250 alive
dro2: tick 10500 alive
dro2: tick 10750 alive
dro2: tick 11000 alive
dro2: tick 11250 alive
dro2: tick 11500 alive
dro2: tick 11750 alive
dro2: tick 12000 alive
dro2: tick 12250 alive
dro2: tick 12500 alive
dro2: tick 12750 alive
dro2: tick 13000 alive
dro2: tick 13250 alive
dro2: tick 13500 alive
dro2: tick 13750 alive
dro2: tick 14000 alive
dro2: tick 14250 alive
dro2: tick 14500 alive
dro2: tick 14750 alive
dro2: tick 15000 alive
dro2: tick 15250 alive
dro2: tick 15500 alive
dro2: tick 15750 alive
dro2: tick 16000 alive
dro2: tick 16250 alive
dro2: tick 16500 alive
dro2: tick 16750 alive
dro2: tick 17000 alive
dro2: tick 17250 alive
dro2: tick 17500 alive
dro2: tick 17750 alive
dro2: tick 18000 alive
dro2: tick 18250 alive
dro2: tick 18500 alive
dro2: tick 18750 alive
dro2: tick 19000 alive
dro2: tick 19250 alive
dro2: tick 19500 alive
dro2: tick 19750 alive
dro2: tick 20000 alive
dro2: tick 20250 alive
dro2: tick 20500 alive
dro2: tick 20750 alive
dro2: tick 21000 alive
dro2: tick 21250 alive
dro2: tick 21500 alive
dro2: tick 21750 alive
dro2: tick 22000 alive
dro2: tick 22250 alive
dro2: tick 22500 alive
dro2: tick 22750 alive
dro2: tick 23000 alive
dro2: tick 23250 alive
dro2: tick 23500 alive
dro2: tick 23750 alive
dro2: tick 24000 alive
dro2: tick 24250 alive
dro2: tick 24500 alive
dro2: tick 24750 alive
dro2: tick 25000 alive
dro2: tick 25250 alive
dro2: tick 25500 alive
dro2: tick 25750 alive
dro2: tick 26000 alive
dro2: tick 26250 alive
dro2: tick 26500 alive
dro2: tick 26750 alive
dro2: tick 27000 alive
dro2: tick 27250 alive
dro2: tick 27500 alive
dro2: tick 27750 alive
dro2: tick 28000 alive
dro2: tick 28250 alive
dro2: tick 28500 alive
dro2: tick 28750 alive
dro2: tick 29000 alive
dro2: tick 29250 alive
dro2: tick 29500 alive
dro2: tick 29750 alive
dro2: tick 30000 alive
dro2: tick 30250 alive
dro2: tick 30500 alive
dro2: tick 30750 alive
dro2: tick 31000 alive
dro2: tick 31250 alive
dro2: tick 31500 alive
dro2: tick 31750 alive
dro2: tick 32000 alive
dro2: tick 32250 alive
dro2: tick 32500 alive
dro2: tick 32750 alive
dro2: tick 33000 alive
dro2: tick 33250 alive
dro2: tick 33500 alive
dro2: tick 33750 alive
dro2: tick 34000 alive
dro2: tick 34250 alive
dro2: tick 34500 alive
dro2: tick 34750 alive
dro2: tick 35000 alive
dro2: tick 35250 alive
dro2: tick 35500 alive
dro2: tick 35750 alive
dro2: tick 36000 alive
dro2: tick 36250 alive
dro2: tick 36500 alive
dro2: tick 36750 alive
dro2: tick 37000 alive
dro2: tick 37250 alive
dro2: tick 37500 alive
dro2: tick 37750 alive
dro2: tick 38000 alive
dro2: tick 38250 alive
dro2: tick 38500 alive
dro2: tick 38750 alive
dro2: tick 39000 alive
dro2: tick 39250 alive
dro2: tick 39500 alive
dro2: tick 39750 alive
dro2: tick 40000 alive
dro2: tick 40250 alive
dro2: tick 40500 alive
dro2: tick 40750 alive
dro2: tick 41000 alive
dro2: tick 41250 alive
dro2: tick 41500 alive
dro2: tick 41750 alive
dro2: tick 42000 alive
dro2: tick 42250 alive
dro2: tick 42500 alive
dro2: tick 42750 alive
dro2: tick 43000 alive
dro2: tick 43250 alive
dro2: tick 43500 alive
dro2: tick 43750 alive
dro2: tick 44000 alive
dro2: tick 44250 alive
dro2: tick 44500 alive
dro2: tick 44750 alive
dro2: tick 45000 alive
dro2: tick 45250 alive
dro2: tick 45500 alive
dro2: tick 45750 alive
dro2: tick 46000 alive
dro2: tick 46250 alive
dro2: tick 46500 alive
dro2: tick 46750 alive
dro2: tick 47000 alive
dro2: tick 47250 alive
dro2: tick 47500 alive
dro2: tick 47750 alive
dro2: tick 48000 alive
dro2: tick 48250 alive
dro2: tick 48500 alive
dro2: tick 48750 alive
dro2: tick 49000 alive
dro2: tick 49250 alive
dro2: tick 49500 alive
dro2: tick 49750 alive
dro2: tick 50000 alive
dro2: tick 50250 alive
dro2: tick 50500 alive
dro2: tick 50750 alive
dro2: tick 51000 alive
dro2: tick 51250 alive
dro2: tick 51500 alive
dro2: tick 51750 alive
dro2: tick 52000 alive
dro2: tick 52250 alive
dro2: tick 52500 alive
dro2: tick 52750 alive
dro2: tick 53000 alive
dro2: tick 53250 alive
dro2: tick 53500 alive
dro2: tick 53750 alive
dro2: tick 54000 alive
dro2: tick 54250 alive
dro2: tick 54500 alive
dro2: tick 54750 alive
dro2: tick 55000 alive
dro2: tick 55250 alive
dro2: tick 55500 alive
dro2: tick 55750 alive
dro2: tick 56000 alive
dro2: tick 56250 alive
dro2: tick 56500 alive
dro2: tick 56750 alive
dro2: tick 57000 alive
dro2: tick 57250 alive
dro2: tick 57500 alive
dro2: tick 57750 alive
dro2: tick 58000 alive
dro2: tick 58250 alive
dro2: tick 58500 alive
dro2: tick 58750 alive
dro2: tick 59000 alive
dro2: tick 59250 alive
dro2: tick 59500 alive
dro2: tick 59750 alive
dro2: tick 60000 alive
dro2: tick 60250 alive
dro2: tick 60500 alive
dro2: tick 60750 alive
dro2: tick 61000 alive
dro2: tick 61250 alive
dro2: tick 61500 alive
dro2: tick 61750 alive
dro2: tick 62000 alive
dro2: tick 62250 alive
dro2: tick 62500 alive
dro2: tick 62750 alive
dro2: tick 63000 alive
dro2: tick 63250 alive
dro2: tick 63500 alive
dro2: tick 63750 alive
dro2: tick 64000 alive
dro2: tick 64250 alive
dro2: tick 64500 alive
dro2: tick 64750 alive
dro2: tick 65000 alive
dro2: tick 65250 alive
dro2: tick 65500 alive
dro2: tick 65750 alive
dro2: tick 66000 alive
dro2: tick 66250 alive
dro2: tick 66500 alive
dro2: tick 66750 alive
dro2: tick 67000 alive
dro2: tick 67250 alive
dro2: tick 67500 alive
dro2: tick 67750 alive
dro2: tick 68000 alive
dro2: tick 68250 alive
dro2: tick 68500 alive
dro2: tick 68750 alive
dro2: tick 69000 alive
dro2: tick 69250 alive
dro2: tick 69500 alive
dro2: tick 69750 alive
dro2: tick 70000 alive
dro2: tick 70250 alive
dro2: tick 70500 alive
dro2: tick 70750 alive
dro2: tick 71000 alive
dro2: tick 71250 alive
dro2: tick 71500 alive
dro2: tick 71750 alive
dro2: tick 72000 alive
dro2: tick 72250 alive
dro2: tick 72500 alive
dro2: tick 72750 alive
dro2: tick 73000 alive
dro2: tick 73250 alive
dro2: tick 73500 alive
dro2: tick 73750 alive
dro2: tick 74000 alive
dro2: tick 74250 alive
dro2: tick 74500 alive
dro2: tick 74750 alive
dro2: tick 75000 alive
dro2: tick 75250 alive
dro2: tick 75500 alive
dro2: tick 75750 alive
dro2: tick 76000 alive
dro2: tick 76250 alive
dro2: tick 76500 alive
dro2: tick 76750 alive
dro2: tick 77000 alive
dro2: tick 77250 alive
dro2: tick 77500 alive
dro2: tick 77750 alive
dro2: tick 78000 alive
dro2: tick 78250 alive
dro2: tick 78500 alive
dro2: tick 78750 alive
dro2: tick 79000 alive
dro2: tick 79250 alive
dro2: tick 79500 alive
dro2: tick 79750 alive
dro2: tick 80000 alive
dro2: tick 80250 alive
dro2: tick 80500 alive
dro2: tick 80750 alive
dro2: tick 81000 alive
dro2: tick 81250 alive
dro2: tick 81500 alive
dro2: tick 81750 alive
dro2: tick 82000 alive
dro2: tick 82250 alive
dro2: tick 82500 alive
dro2: tick 82750 alive
dro2: tick 83000 alive
dro2: tick 83250 alive
dro2: tick 83500 alive
dro2: tick 83750 alive
dro2: tick 84000 alive
dro2: tick 84250 alive
dro2: tick 84500 alive
dro2: tick 84750 alive
dro2: tick 85000 alive
dro2: tick 85250 alive
dro2: tick 85500 alive
dro2: tick 85750 alive
dro2: tick 86000 alive
dro2: tick 86250 alive
dro2: tick 86500 alive
dro2: tick 86750 alive
dro2: tick 87000 alive
dro2: tick 87250 alive
dro2: tick 87500 alive
dro2: tick 87750 alive
dro2: tick 88000 alive
dro2: tick 88250 alive
dro2: tick 88500 alive
dro2: tick 88750 alive
dro2: tick 89000 alive
dro2: tick 89250 alive
dro2: tick 89500 alive
dro2: tick 89750 alive
dro2: tick 90000 alive
dro2: tick 90250 alive
dro2: tick 90500 alive
dro2: tick 90750 alive
dro2: tick 91000 alive
dro2: tick 91250 alive
dro2: tick 91500 alive
dro2: tick 91750 alive
dro2: tick 92000 alive
dro2: tick 92250 alive
dro2: tick 92500 alive
dro2: tick 92750 alive
dro2: tick 93000 alive
dro2: tick 93250 alive
dro2: tick 93500 alive
dro2: tick 93750 alive
dro2: tick 94000 alive
dro2: tick 94250 alive
dro2: tick 94500 alive
dro2: tick 94750 alive
dro2: tick 95000 alive
dro2: tick 95250 alive
dro2: tick 95500 alive
dro2: tick 95750 alive
dro2: tick 96000 alive
dro2: tick 96250 alive
dro2: tick 96500 alive
dro2: tick 96750 alive
dro2: tick 97000 alive
dro2: tick 97250 alive
dro2: tick 97500 alive
dro2: tick 97750 alive
dro2: tick 98000 alive
dro2: tick 98250 alive
dro2: tick 98500 alive
dro2: tick 98750 alive
dro2: tick 99000 alive
dro2: tick 99250 alive
dro2: tick 99500 alive
dro2: tick 99750 alive
dro2: tick 100000 alive
dro2: tick 100250 alive
dro2: tick 100500 alive
dro2: tick 100750 alive
dro2: tick 101000 alive
dro2: tick 101250 alive
dro2: tick 101500 alive
dro2: tick 101750 alive
dro2: tick 102000 alive
dro2: tick 102250 alive
dro2: tick 102500 alive
dro2: tick 102750 alive
dro2: tick 103000 alive
dro2: tick 103250 alive
dro2: tick 103500 alive
dro2: tick 103750 alive
dro2: tick 104000 alive
dro2: tick 104250 alive
dro2: tick 104500 alive
dro2: tick 104750 alive
dro2: tick 105000 alive
dro2: tick 105250 alive
dro2: tick 105500 alive
dro2: tick 105750 alive
dro2: tick 106000 alive
dro2: tick 106250 alive
dro2: tick 106500 alive
dro2: tick 106750 alive
dro2: tick 107000 alive
dro2: tick 107250 alive
dro2: tick 107500 alive
dro2: tick 107750 alive
dro2: tick 108000 alive
dro2: tick 108250 alive
dro2: tick 108500 alive
dro2: tick 108750 alive
dro2: tick 109000 alive
dro2: tick 109250 alive
dro2: tick 109500 alive
dro2: tick 109750 alive
dro2: tick 110000 alive
dro2: tick 110250 alive
dro2: tick 110500 alive
dro2: tick 110750 alive
dro2: tick 111000 alive
dro2: tick 111250 alive
dro2: tick 111500 alive
dro2: tick 111750 alive
dro2: tick 112000 alive
dro2: tick 112250 alive
dro2: tick 112500 alive
dro2: tick 112750 alive
dro2: tick 113000 alive
dro2: tick 113250 alive
dro2: tick 113500 alive
dro2: tick 113750 alive
dro2: tick 114000 alive
dro2: tick 114250 alive
dro2: tick 114500 alive
dro2: tick 114750 alive
dro2: tick 115000 alive
dro2: tick 115250 alive
dro2: tick 115500 alive
dro2: tick 115750 alive
dro2: tick 116000 alive
dro2: tick 116250 alive
dro2: tick 116500 alive
dro2: tick 116750 alive
dro2: tick 117000 alive
dro2: tick 117250 alive
dro2: tick 117500 alive
dro2: tick 117750 alive
dro2: tick 118000 alive
dro2: tick 118250 alive
dro2: tick 118500 alive
dro2: tick 118750 alive
dro2: tick 119000 alive
dro2: tick 119250 alive
dro2: tick 119500 alive
dro2: tick 119750 alive
dro2: tick 120000 alive
dro2: tick 120250 alive
dro2: tick 120500 alive
dro2: tick 120750 alive
dro2: tick 121000 alive
dro2: tick 121250 alive
dro2: tick 121500 alive
dro2: tick 121750 alive
dro2: tick 122000 alive
dro2: tick 122250 alive
dro2: tick 122500 alive
dro2: tick 122750 alive
dro2: tick 123000 alive
dro2: tick 123250 alive
dro2: tick 123500 alive
dro2: tick 123750 alive
dro2: tick 124000 alive
dro2: tick 124250 alive
dro2: tick 124500 alive
dro2: tick 124750 alive
dro2: tick 125000 alive
dro2: tick 125250 alive
dro2: tick 125500 alive
dro2: tick 125750 alive
dro2: tick 126000 alive
dro2: tick 126250 alive
dro2: tick 126500 alive
dro2: tick 126750 alive
dro2: tick 127000 alive
dro2: tick 127250 alive
dro2: tick 127500 alive
dro2: tick 127750 alive
dro2: tick 128000 alive
dro2: tick 128250 alive
dro2: tick 128500 alive
dro2: tick 128750 alive
dro2: tick 129000 alive
dro2: tick 129250 alive
dro2: tick 129500 alive
dro2: tick 129750 alive
dro2: tick 130000 alive
dro2: tick 130250 alive
dro2: tick 130500 alive
dro2: tick 130750 alive
dro2: tick 131000 alive
dro2: tick 131250 alive
dro2: tick 131500 alive
dro2: tick 131750 alive
dro2: tick 132000 alive
dro2: tick 132250 alive
dro2: tick 132500 alive
dro2: tick 132750 alive
dro2: tick 133000 alive
dro2: signal 15 -- exiting
