ned_pendant: axis -> Z (previous locked)
ned_pendant: axis -> Z (previous locked)
ned_pendant: axis -> Z (previous locked)
ned_pendant: axis -> Z (previous locked)
ned_pendant: axis -> Z (previous locked)
ned_pendant: axis -> Z (previous locked)
ned_pendant: axis -> Z (previous locked)
ned_pendant: axis -> Z (previous locked)
ned_pendant: axis -> Z (previous locked)
ned_pendant: axis -> Z (previous locked)
ned_pendant: axis -> Z (previous locked)
ned_pendant: axis -> Z (previous locked)
ned_pendant: axis -> Z (previous locked)
ned_pendant: axis -> Z (previous locked)
ned_pendant: axis -> Z (previous locked)
ned_pendant: axis -> Z (previous locked)
ned_pendant: axis -> Z (previous locked)
ned_pendant: axis -> Z (previous locked)
ned_pendant: axis -> Z (previous locked)
ned_pendant: axis -> Z (previous locked)
ned_pendant: axis -> Z (previous locked)
ned_pendant: axis -> Z (previous locked)
ned_pendant: axis -> Z (previous locked)
ned_pendant: axis -> Z (previous locked)
ned_pendant: axis -> Z (previous locked)
ned_pendant: axis -> Z (previous locked)
ned_pendant: axis -> Z (previous locked)
ned_pendant: axis -> Z (previous locked)
ned_pendant: axis -> Z (previous locked)
ned_pendant: axis -> Z (previous locked)
ned_pendant: axis -> Z (previous locked)
ned_pendant: axis -> Z (previous locked)
ned_pendant: axis -> Z (previous locked)
ned_pendant: axis -> Z (previous locked)
ned_pendant: axis -> Z (previous locked)
ned_pendant: axis -> Z (previous locked)
ned_pendant: axis -> Z (previous locked)
ned_pendant: axis -> Z (previous locked)
ned_pendant: axis -> Z (previous locked)
ned_pendant: axis -> Z (previous locked)
ned_pendant: axis -> Z (previous locked)
ned_pendant: axis -> Z (previous locked)
ned_pendant: axis -> Z (previous locked)
ned_pendant: axis -> Z (previous locked)
ned_pendant: axis -> Z (previous locked)
ned_pendant: axis -> Z (previous locked)
ned_pendant: axis -> Z (previous locked)
ned_pendant: axis -> Z (previous locked)
ned_pendant: axis -> Z (previous locked)
ned_pendant: axis -> Z (previous locked)
ned_pendant: axis -> Z (previous locked)
ned_pendant: axis -> Z (previous locked)
ned_pendant: axis -> Z (previous locked)
ned_pendant: axis -> Z (previous locked)
ned_pendant: axis -> Z (previous locked)
ned_pendant: axis -> Z (previous locked)
ned_pendant: axis -> Z (previous locked)
ned_pendant: axis -> Z (previous locked)
ned_pendant: axis -> Z (previous locked)
ned_pendant: axis -> Z (previous locked)
ned_pendant: axis -> Z (previous locked)
ned_pendant: axis -> Z (previous locked)
ned_pendant: axis -> Z (previous locked)
ned_pendant: axis -> Z (previous locked)
ned_pendant: axis -> Z (previous locked)
ned_pendant: axis -> Z (previous locked)
ned_pendant: axis -> Z (previous locked)
ned_pendant: axis -> Z (previous locked)
ned_pendant: axis -> Z (previous locked)
ned_pendant: axis -> Z (previous locked)
ned_pendant: axis -> Z (previous locked)
ned_pendant: axis -> Z (previous locked)
ned_pendant: axis -> Z (previous locked)
ned_pendant: axis -> Z (previous locked)
ned_pendant: axis -> Z (previous locked)
ned_pendant: axis -> Z (previous locked)
ned_pendant: axis -> Z (previous locked)
ned_pendant: axis -> Z (previous locked)
ned_pendant: axis -> Z (previous locked)
ned_pendant: axis -> Z (previous locked)
ned_pendant: axis -> Z (previous locked)
ned_pendant: axis -> Z (previous locked)
ned_pendant: axis -> Z (previous locked)
ned_pendant: axis -> Z (previous locked)
ned_pendant: axis -> Z (previous locked)
ned_pendant: axis -> Z (previous locked)
ned_pendant: axis -> Z (previous locked)
ned_pendant: axis -> Z (previous locked)
ned_pendant: axis -> Z (previous locked)
ned_pendant: axis -> Z (previous locked)
ned_pendant: axis -> Z (previous locked)
ned_pendant: axis -> Z (previous locked)
ned_pendant: axis -> Z (previous locked)
ned_pendant: axis -> Z (previous locked)
ned_pendant: axis -> Z (previous locked)
ned_pendant: axis -> Z (previous locked)
ned_pendant: axis -> Z (previous locked)
ned_pendant: axis -> Z (previous locked)
ned_pendant: axis -> Z (previous locked)
ned_pendant: axis -> Z (previous locked)
ned_pendant: axis -> Z (previous locked)
ned_pendant: axis -> Z (previous locked)
ned_pendant: axis -> Z (previous locked)
ned_pendant: axis -> Z (previous locked)
ned_pendant: axis -> Z (previous locked)
ned_pendant: axis -> Z (previous locked)
ned_pendant: axis -> Z (previous locked)
ned_pendant: axis -> Z (previous locked)
ned_pendant: axis -> Z (previous locked)
ned_pendant: axis -> Z (previous locked)
ned_pendant: axis -> Z (previous locked)
ned_pendant: axis -> Z (previous locked)
ned_pendant: axis -> Z (previous locked)
ned_pendant: axis -> Z (previous locked)
ned_pendant: axis -> Z (previous locked)
ned_pendant: axis -> Z (previous locked)
ned_pendant: axis -> Z (previous locked)
ned_pendant: axis -> Z (previous locked)
ned_pendant: axis -> Z (previous locked)
ned_pendant: axis -> Z (previous locked)
ned_pendant: axis -> Z (previous locked)
ned_pendant: axis -> Z (previous locked)
ned_pendant: axis -> Z (previous locked)
ned_pendant: axis -> Z (previous locked)
ned_pendant: axis -> Z (previous locked)
ned_pendant: axis -> Z (previous locked)
ned_pendant: axis -> Z (previous locked)
ned_pendant: axis -> Z (previous locked)
ned_pendant: axis -> Z (previous locked)
ned_pendant: axis -> Z (previous locked)
[qtpyvcp.user_tab..user_tabs/][[36mINFO[0m]  JOG status: IDLE — ready (ned_controls.py:1526)
ned_pendant: axis -> Z (previous locked)
ned_brain: HOME CYCLE: A+C homed -> post-read verify
ned_brain: HEADREAD C start (R4 set, SEN about to drop -> A/C locked)
ned_pendant: axis -> Z (previous locked)
ned_pendant: axis -> Z (previous locked)
ned_pendant: axis -> Z (previous locked)
ned_pendant: axis -> Z (previous locked)
ned_pendant: axis -> Z (previous locked)
[qtpyvcp.ned_homing_menu][[36mINFO[0m]  NED Homing menu ENABLED (ON=True, A/C in-place=True) (ned_homing_menu.py:76)
ned_brain: HEADREAD C: -0.000 deg  (mt=-168 w=4274540)
ned_brain: HEADREAD -> ini.5.home_offset = -0.0002
ned_brain: HEADREAD A start (R4 set, SEN about to drop -> A/C locked)
ned_brain: HEADREAD A: +0.000 deg  (mt=36 w=44349114)
ned_brain: HEADREAD -> ini.4.home_offset = +0.0001
ned_brain: HOME VERIFY OK (A+C): C=-0.000 A=+0.000 deg
ned_brain: TELEOP re-entered (machine ON + homed) -> MPG live
[qtpyvcp.user_dros.xyzac_dros.dros_xyzac][[36mINFO[0m]  ZERO X Y Z done (G10 L20 P0) (dros_xyzac.py:269)
_pythonToCppCopy: Cannot copy-convert 0x7f4c812200 (dict) to C++.
[qtpyvcp.user_tab..user_tabs/][[36mINFO[0m]  RACK MAP: var file refreshed (286 params, mtime 01:12:59) (rack_map.py:153)
ned_pendant: axis -> X
[qtpyvcp.user_tab..user_tabs/][[36mINFO[0m]  JOG status: MOVING — 18.8 mm/s (ned_controls.py:1526)
[qtpyvcp.user_tab..user_tabs/][[36mINFO[0m]  JOG status: IDLE — ready (ned_controls.py:1526)
[qtpyvcp.user_tab..user_tabs/][[36mINFO[0m]  JOG status: MOVING — 11.3 mm/s (ned_controls.py:1526)
[qtpyvcp.user_tab..user_tabs/][[36mINFO[0m]  JOG status: IDLE — ready (ned_controls.py:1526)
ned_pendant: axis -> Y
[qtpyvcp.actions.machine_actions][[36mINFO[0m]  Issuing MDI command: o<go_to_g30> call (machine_actions.py:290)
[qtpyvcp.user_tab..user_tabs/][[36mINFO[0m]  JOG status: MOVING — 7.0 mm/s (ned_controls.py:1526)
[qtpyvcp.user_tab..user_tabs/][[36mINFO[0m]  JOG status: IDLE — ready (ned_controls.py:1526)
[qtpyvcp.user_tab..user_tabs/][[36mINFO[0m]  RACK MAP: var file refreshed (286 params, mtime 01:13:08) (rack_map.py:153)
[qtpyvcp.user_tab..user_tabs/][[36mINFO[0m]  JOG status: MOVING — 11.6 mm/s (ned_controls.py:1526)
[qtpyvcp.user_tab..user_tabs/][[36mINFO[0m]  JOG status: IDLE — ready (ned_controls.py:1526)
ned_pendant: jump -> 1.0 mm/detent
[qtpyvcp.user_tab..user_tabs/][[36mINFO[0m]  JOG status: MOVING — 8.4 mm/s (ned_controls.py:1526)
[qtpyvcp.user_tab..user_tabs/][[36mINFO[0m]  JOG status: IDLE — ready (ned_controls.py:1526)
[qtpyvcp.user_tab..user_tabs/][[36mINFO[0m]  JOG status: MOVING — 30.2 mm/s (ned_controls.py:1526)
[qtpyvcp.user_tab..user_tabs/][[36mINFO[0m]  JOG status: IDLE — ready (ned_controls.py:1526)
ned_pendant: axis -> Z
[qtpyvcp.user_tab..user_tabs/][[36mINFO[0m]  JOG status: MOVING — 18.6 mm/s (ned_controls.py:1526)
[qtpyvcp.user_tab..user_tabs/][[36mINFO[0m]  JOG status: IDLE — ready (ned_controls.py:1526)
[qtpyvcp.user_tab..user_tabs/][[36mINFO[0m]  UNLOAD SPINDLE executed (drawbar released if sensors agreed) (ned_controls.py:1799)
[qtpyvcp.plugins.notifications][[36mINFO[0m]  drawbar RELEASED -- remove the 
 tool. Open until LOAD SPINDLE 
 / M65 P0 (notifications.py:178)
[qtpyvcp.user_tab..user_tabs/][[36mINFO[0m]  RACK MAP: var file refreshed (286 params, mtime 01:14:36) (rack_map.py:153)
[qtpyvcp.actions.machine_actions][[36mINFO[0m]  Issuing MDI command: o<load_spindle_safety_2> call [0.0] (machine_actions.py:290)
 o<load_spindle_safety_2>
[qtpyvcp.user_tab..user_tabs/][[36mINFO[0m]  LOAD SPINDLE executed (countdown elapsed) (ned_controls.py:1737)
[qtpyvcp.user_tab..user_tabs/][[36mINFO[0m]  JOG status: MOVING — 0.0 mm/s (ned_controls.py:1526)
 Tool ###### is already stored in carousel, not loading into spindle
[qtpyvcp.plugins.notifications][[31mERROR[0m]  Tool ###### is already stored 
 in carousel, not loading into 
 spindle (notifications.py:154)
[qtpyvcp.user_tab..user_tabs/][[36mINFO[0m]  JOG status: IDLE — ready (ned_controls.py:1526)
[qtpyvcp.user_tab..user_tabs/][[36mINFO[0m]  RACK MAP: var file refreshed (286 params, mtime 01:14:43) (rack_map.py:153)
ned_pendant: axis -> X
[qtpyvcp.user_tab..user_tabs/][[36mINFO[0m]  JOG status: MOVING — 12.2 mm/s (ned_controls.py:1526)
[qtpyvcp.user_tab..user_tabs/][[36mINFO[0m]  JOG status: IDLE — ready (ned_controls.py:1526)
[qtpyvcp.user_tab..user_tabs/][[36mINFO[0m]  JOG status: MOVING — 6.0 mm/s (ned_controls.py:1526)
[qtpyvcp.user_tab..user_tabs/][[36mINFO[0m]  JOG status: IDLE — ready (ned_controls.py:1526)
[qtpyvcp.user_tab..user_tabs/][[36mINFO[0m]  JOG status: MOVING — 3.2 mm/s (ned_controls.py:1526)
[qtpyvcp.user_tab..user_tabs/][[36mINFO[0m]  JOG status: IDLE — ready (ned_controls.py:1526)
[qtpyvcp.user_tab..user_tabs/][[36mINFO[0m]  JOG status: MOVING — 5.3 mm/s (ned_controls.py:1526)
[qtpyvcp.user_tab..user_tabs/][[36mINFO[0m]  JOG status: IDLE — ready (ned_controls.py:1526)
ned_pendant: axis -> Y
ned_pendant: axis -> Z
ned_pendant: axis -> X
[qtpyvcp.user_tab..user_tabs/][[36mINFO[0m]  JOG status: MOVING — 24.7 mm/s (ned_controls.py:1526)
[qtpyvcp.user_tab..user_tabs/][[36mINFO[0m]  JOG status: IDLE — ready (ned_controls.py:1526)
ned_pendant: axis -> Y
[qtpyvcp.user_tab..user_tabs/][[36mINFO[0m]  JOG status: MOVING — 21.0 mm/s (ned_controls.py:1526)
[qtpyvcp.user_tab..user_tabs/][[36mINFO[0m]  JOG status: IDLE — ready (ned_controls.py:1526)
ned_pendant: axis -> Z
[qtpyvcp.user_tab..user_tabs/][[36mINFO[0m]  JOG status: MOVING — 17.4 mm/s (ned_controls.py:1526)
[qtpyvcp.user_tab..user_tabs/][[36mINFO[0m]  JOG status: IDLE — ready (ned_controls.py:1526)
[qtpyvcp.actions.machine_actions][[36mINFO[0m]  Issuing MDI command: M64 P3 (machine_actions.py:290)
[qtpyvcp.user_tab..user_tabs/][[36mINFO[0m]  RACK MAP: var file refreshed (286 params, mtime 01:15:45) (rack_map.py:153)
[qtpyvcp.user_tab..user_tabs/][[36mINFO[0m]  JOG status: MOVING — 10.2 mm/s (ned_controls.py:1526)
[qtpyvcp.user_tab..user_tabs/][[36mINFO[0m]  JOG status: IDLE — ready (ned_controls.py:1526)
ned_pendant: axis -> X
ned_pendant: axis <- Y (double-tap back)
[qtpyvcp.user_tab..user_tabs/][[36mINFO[0m]  JOG status: MOVING — 26.0 mm/s (ned_controls.py:1526)
[qtpyvcp.user_tab..user_tabs/][[36mINFO[0m]  JOG status: IDLE — ready (ned_controls.py:1526)
ned_pendant: axis -> Z
[qtpyvcp.user_tab..user_tabs/][[36mINFO[0m]  JOG status: MOVING — 2.2 mm/s (ned_controls.py:1526)
[qtpyvcp.user_tab..user_tabs/][[36mINFO[0m]  JOG status: IDLE — ready (ned_controls.py:1526)
[qtpyvcp.user_tab..user_tabs/][[36mINFO[0m]  JOG status: MOVING — 5.4 mm/s (ned_controls.py:1526)
[qtpyvcp.user_tab..user_tabs/][[36mINFO[0m]  JOG status: IDLE — ready (ned_controls.py:1526)
ned_pendant: axis -> X
[qtpyvcp.user_tab..user_tabs/][[36mINFO[0m]  JOG status: MOVING — 21.7 mm/s (ned_controls.py:1526)
[qtpyvcp.user_tab..user_tabs/][[36mINFO[0m]  JOG status: IDLE — ready (ned_controls.py:1526)
[qtpyvcp.user_tab..user_tabs/][[36mINFO[0m]  JOG status: MOVING — 14.0 mm/s (ned_controls.py:1526)
[qtpyvcp.user_tab..user_tabs/][[36mINFO[0m]  JOG status: IDLE — ready (ned_controls.py:1526)
[qtpyvcp.user_tab..user_tabs/][[36mINFO[0m]  JOG status: MOVING — 18.8 mm/s (ned_controls.py:1526)
[qtpyvcp.user_tab..user_tabs/][[36mINFO[0m]  JOG status: IDLE — ready (ned_controls.py:1526)
ned_pendant: axis -> Y
ned_pendant: axis -> Z
[qtpyvcp.user_tab..user_tabs/][[36mINFO[0m]  JOG status: MOVING — 12.6 mm/s (ned_controls.py:1526)
[qtpyvcp.user_tab..user_tabs/][[36mINFO[0m]  JOG status: IDLE — ready (ned_controls.py:1526)
[qtpyvcp.user_tab..user_tabs/][[36mINFO[0m]  UNLOAD SPINDLE executed (drawbar released if sensors agreed) (ned_controls.py:1799)
[qtpyvcp.plugins.notifications][[36mINFO[0m]  drawbar RELEASED -- remove the 
 tool. Open until LOAD SPINDLE 
 / M65 P0 (notifications.py:178)
[qtpyvcp.user_tab..user_tabs/][[36mINFO[0m]  RACK MAP: var file refreshed (286 params, mtime 01:16:27) (rack_map.py:153)
[qtpyvcp.user_tab..user_tabs/][[36mINFO[0m]  JOG status: MOVING — 1.6 mm/s (ned_controls.py:1526)
[qtpyvcp.user_tab..user_tabs/][[36mINFO[0m]  setTaskMode refused: machine is moving (a mode switch would abort motion) (ned_controls.py:92)
[qtpyvcp.actions.machine_actions][[31mERROR[0m]  Failed to issue MDI command: [37mload_spindle_safety_2[0m call [0.0] (machine_actions.py:294)
[qtpyvcp.user_tab..user_tabs/][[36mINFO[0m]  LOAD SPINDLE executed (countdown elapsed) (ned_controls.py:1737)
Ignoring task mode change while jogging
[qtpyvcp.plugins.notifications][[31mERROR[0m]  Ignoring task mode change while 
 jogging (notifications.py:154)
[qtpyvcp.user_tab..user_tabs/][[36mINFO[0m]  JOG status: IDLE — ready (ned_controls.py:1526)
[qtpyvcp.user_tab..user_tabs/][[36mINFO[0m]  JOG status: MOVING — 5.4 mm/s (ned_controls.py:1526)
[qtpyvcp.user_tab..user_tabs/][[36mINFO[0m]  JOG status: IDLE — ready (ned_controls.py:1526)
[qtpyvcp.user_tab..user_tabs/][[36mINFO[0m]  JOG status: MOVING — 24.0 mm/s (ned_controls.py:1526)
[qtpyvcp.user_tab..user_tabs/][[36mINFO[0m]  JOG status: IDLE — ready (ned_controls.py:1526)
[qtpyvcp.user_tab..user_tabs/][[36mINFO[0m]  JOG status: MOVING — 14.8 mm/s (ned_controls.py:1526)
[qtpyvcp.user_tab..user_tabs/][[36mINFO[0m]  JOG status: IDLE — ready (ned_controls.py:1526)
[qtpyvcp.user_tab..user_tabs/][[36mINFO[0m]  JOG status: MOVING — 3.8 mm/s (ned_controls.py:1526)
[qtpyvcp.user_tab..user_tabs/][[36mINFO[0m]  JOG status: IDLE — ready (ned_controls.py:1526)
ned_pendant: axis -> X
[qtpyvcp.user_tab..user_tabs/][[36mINFO[0m]  JOG status: MOVING — 15.8 mm/s (ned_controls.py:1526)
[qtpyvcp.user_tab..user_tabs/][[36mINFO[0m]  JOG status: IDLE — ready (ned_controls.py:1526)
[qtpyvcp.user_tab..user_tabs/][[36mINFO[0m]  JOG status: MOVING — 17.6 mm/s (ned_controls.py:1526)
[qtpyvcp.user_tab..user_tabs/][[36mINFO[0m]  JOG status: IDLE — ready (ned_controls.py:1526)
ned_pendant: axis -> Y
[qtpyvcp.user_tab..user_tabs/][[36mINFO[0m]  JOG status: MOVING — 8.2 mm/s (ned_controls.py:1526)
[qtpyvcp.user_tab..user_tabs/][[36mINFO[0m]  JOG status: IDLE — ready (ned_controls.py:1526)
[qtpyvcp.user_tab..user_tabs/][[36mINFO[0m]  JOG status: MOVING — 2.8 mm/s (ned_controls.py:1526)
[qtpyvcp.user_tab..user_tabs/][[36mINFO[0m]  JOG status: IDLE — ready (ned_controls.py:1526)
ned_pendant: axis -> Z
[qtpyvcp.user_tab..user_tabs/][[36mINFO[0m]  JOG status: MOVING — 5.0 mm/s (ned_controls.py:1526)
[qtpyvcp.user_tab..user_tabs/][[36mINFO[0m]  JOG status: IDLE — ready (ned_controls.py:1526)
[qtpyvcp.user_tab..user_tabs/][[36mINFO[0m]  JOG status: MOVING — 1.4 mm/s (ned_controls.py:1526)
[qtpyvcp.user_tab..user_tabs/][[36mINFO[0m]  JOG status: IDLE — ready (ned_controls.py:1526)
ned_pendant: jump -> 0.5 mm/detent
ned_pendant: jump -> 0.1 mm/detent
ned_pendant: jump -> 0.05 mm/detent
ned_pendant: jump -> 0.01 mm/detent
task: main loop took 0.128993 seconds
[qtpyvcp.user_tab..user_tabs/][[36mINFO[0m]  JOG status: OFF — machine not on (ned_controls.py:1526)
[qtpyvcp.ned_homing_menu][[36mINFO[0m]  NED Homing menu disabled (ON=False, A/C in-place=True) (ned_homing_menu.py:76)
Exceeded NEGATIVE soft limit (-620.00000) on joint 2

[qtpyvcp.plugins.notifications][[31mERROR[0m]  Exceeded NEGATIVE soft limit (-620.00000) 
 on joint 2 (notifications.py:154)
Hint: switch to joint mode to jog off soft limit
[qtpyvcp.plugins.notifications][[31mERROR[0m]  Hint: switch to joint mode 
 to jog off soft limit 
 (notifications.py:154)
[qtpyvcp.user_tab..user_tabs/][[36mINFO[0m]  RACK MAP: var file refreshed (286 params, mtime 01:27:29) (rack_map.py:153)
ned_brain: ned_brain EXIT on signal 15 (SIGTERM)
ned_pendant EXIT on signal 15 (SIGTERM)
task: 611641 cycles, min=0.000004, max=0.170520, avg=0.010180, 4 latency excursions (> 10x expected cycle time of 0.010000s)
ned_pendant exited (atexit; normal interpreter exit)
ned_brain: ned_brain exited (atexit; normal interpreter exit)
Unloading 'ned-tab' HAL component ...
[qtpyvcp.user_tab..user_tabs/][[36mINFO[0m]  RACK MAP: var file refreshed (286 params, mtime 01:29:05) (rack_map.py:153)
/usr/bin/linuxcnc: line 977: 2096048 Killed                  $EMCDISPLAY -ini "$INIFILE" $EMCDISPLAYARGS $EXTRA_ARGS
Shutting down and cleaning up LinuxCNC...
hm2_eth: in hm2_eth_reset
hm2_eth: HostMot2 ethernet driver unloaded
hm2: unloading
Note: Using POSIX realtime
LinuxCNC terminated with an error.  You can find more information in the log:
    /home/brains/linuxcnc_debug.txt
and
    /home/brains/linuxcnc_print.txt
as well as in the output of the shell command 'dmesg' and in the terminal
[?2004h(venv) ]0;brains@ned: ~/Documents[01;32mbrains@ned[00m:[01;34m~/Documents $[00m 